Component: ARM Compiler 5.06 update 6 (build 750) Tool: armlink [4d35ed]

==============================================================================

Section Cross References

    start_task.o(i.Task_SysInitConfig) refers to misc.o(i.NVIC_PriorityGroupConfig) for NVIC_PriorityGroupConfig
    start_task.o(i.Task_SysInitConfig) refers to can_1.o(i.CAN_First_InitConfig) for CAN_First_InitConfig
    start_task.o(i.Task_SysInitConfig) refers to can_2.o(i.CAN_Second_InitConfig) for CAN_Second_InitConfig
    start_task.o(i.Task_SysInitConfig) refers to uart_dbus.o(i.UART5_DBUS_InitConfig) for UART5_DBUS_InitConfig
    start_task.o(i.Task_SysInitConfig) refers to gimbal_monitor.o(i.Beep_Configuration) for Beep_Configuration
    start_task.o(i.Task_SysInitConfig) refers to queue.o(i.xQueueGenericCreate) for xQueueGenericCreate
    start_task.o(i.Task_SysInitConfig) refers to kalman_filter.o(i.Kalman_Parameter_Init) for Kalman_Parameter_Init
    start_task.o(i.Task_SysInitConfig) refers to kalman_filter.o(i.kalman_filter_init) for kalman_filter_init
    start_task.o(i.Task_SysInitConfig) refers to kalman.o(i.KalMan_PramInit) for KalMan_PramInit
    start_task.o(i.Task_SysInitConfig) refers to cloud_control.o(i.Cloud_PID_Param) for Cloud_PID_Param
    start_task.o(i.Task_SysInitConfig) refers to uart_mpu9250.o(i.USART_mpu9250_InitConfig) for USART_mpu9250_InitConfig
    start_task.o(i.Task_SysInitConfig) refers to uart_minipc.o(i.USART_MiniPC_InitConfig) for USART_MiniPC_InitConfig
    start_task.o(i.Task_SysInitConfig) refers to pwm.o(i.PWM_Configuration) for PWM_Configuration
    start_task.o(i.Task_SysInitConfig) refers to pwm.o(i.ECS_Init) for ECS_Init
    start_task.o(i.Task_SysInitConfig) refers to gpio.o(i.Laser_Init) for Laser_Init
    start_task.o(i.Task_SysInitConfig) refers to tasks.o(i.xTaskGenericCreate) for xTaskGenericCreate
    start_task.o(i.Task_SysInitConfig) refers to stm32f4xx_dma.o(i.DMA_Cmd) for DMA_Cmd
    start_task.o(i.Task_SysInitConfig) refers to stm32f4xx_dma.o(i.DMA_GetCmdStatus) for DMA_GetCmdStatus
    start_task.o(i.Task_SysInitConfig) refers to stm32f4xx_dma.o(i.DMA_SetCurrDataCounter) for DMA_SetCurrDataCounter
    start_task.o(i.Task_SysInitConfig) refers to tasks.o(i.vTaskDelay) for vTaskDelay
    start_task.o(i.Task_SysInitConfig) refers to tasks.o(i.vTaskDelete) for vTaskDelete
    start_task.o(i.Task_SysInitConfig) refers to can_2.o(.data) for Queue_CANSend
    start_task.o(i.Task_SysInitConfig) refers to kalman_filter.o(.bss) for Kalman_init
    start_task.o(i.Task_SysInitConfig) refers to task_cansend.o(i.Task_CANSend) for Task_CANSend
    start_task.o(i.Task_SysInitConfig) refers to gimbal_monitor.o(i.Gimbal_Monitor) for Gimbal_Monitor
    start_task.o(i.Task_SysInitConfig) refers to gimbal_task.o(i.Gimbal_Task) for Gimbal_Task
    task_cansend.o(i.Task_CANSend) refers to queue.o(i.xQueueGenericReceive) for xQueueGenericReceive
    task_cansend.o(i.Task_CANSend) refers to stm32f4xx_can.o(i.CAN_Transmit) for CAN_Transmit
    task_cansend.o(i.Task_CANSend) refers to can_2.o(.data) for Queue_CANSend
    chassis_task.o(i.Chassis_Patrolling) refers to ramp.o(i.ramp_init) for ramp_init
    chassis_task.o(i.Chassis_Patrolling) refers to chassis_control.o(i.Chassis_SpeedSet) for Chassis_SpeedSet
    chassis_task.o(i.Chassis_Patrolling) refers to struct.o(.data) for Chassis_Heat_Mode
    chassis_task.o(i.Chassis_Patrolling) refers to struct.o(.bss) for Chassis
    chassis_task.o(i.Chassis_Patrolling) refers to chassis_task.o(.data) for fb_ramp
    chassis_task.o(i.Chassis_RC) refers to chassis_control.o(i.Chassis_SpeedSet) for Chassis_SpeedSet
    chassis_task.o(i.Chassis_RC) refers to chassis_task.o(.data) for JumpToNormal
    chassis_task.o(i.Chassis_RC) refers to struct.o(.bss) for Comm
    chassis_task.o(i.Chassis_Task) refers to tasks.o(i.xTaskGetTickCount) for xTaskGetTickCount
    chassis_task.o(i.Chassis_Task) refers to uart_judge.o(i.Judge_data_pass) for Judge_data_pass
    chassis_task.o(i.Chassis_Task) refers to status_update.o(i.Control_Status_Update) for Control_Status_Update
    chassis_task.o(i.Chassis_Task) refers to chassis_control.o(i.Power_Calculate) for Power_Calculate
    chassis_task.o(i.Chassis_Task) refers to chassis_control.o(i.ShootPower_Calculate) for ShootPower_Calculate
    chassis_task.o(i.Chassis_Task) refers to chassis_task.o(i.Chassis_RC) for Chassis_RC
    chassis_task.o(i.Chassis_Task) refers to chassis_control.o(i.Chassis_MoveCalculate) for Chassis_MoveCalculate
    chassis_task.o(i.Chassis_Task) refers to chassis_control.o(i.Chassis_Contral) for Chassis_Contral
    chassis_task.o(i.Chassis_Task) refers to chassis_control.o(i.Chassis_Heat_Mode_Update) for Chassis_Heat_Mode_Update
    chassis_task.o(i.Chassis_Task) refers to chassis_task.o(i.Chassis_Patrolling) for Chassis_Patrolling
    chassis_task.o(i.Chassis_Task) refers to can_2.o(i.ChassisMotorDriveCan2) for ChassisMotorDriveCan2
[...]
    uxCriticalNesting                        0x200003b8   Data           4  port.o(.data)
    ucMaxSysCallPriority                     0x200003bc   Data           1  port.o(.data)
    ulMaxPRIGROUPValue                       0x200003c0   Data           4  port.o(.data)
    .bss                                     0x200003c4   Section       16  gimbal_task.o(.bss)
    .bss                                     0x200003d4   Section     1936  struct.o(.bss)
    .bss                                     0x20000b64   Section       92  can_1.o(.bss)
    SendData                                 0x20000b78   Data          24  can_1.o(.bss)
    SendData                                 0x20000b90   Data          24  can_1.o(.bss)
    SendData                                 0x20000ba8   Data          24  can_1.o(.bss)
    .bss                                     0x20000bc0   Section       92  can_2.o(.bss)
    SendData                                 0x20000bd4   Data          24  can_2.o(.bss)
    SendData                                 0x20000bec   Data          24  can_2.o(.bss)
    SendData                                 0x20000c04   Data          24  can_2.o(.bss)
    .bss                                     0x20000c1c   Section       25  uart_dbus.o(.bss)
    .bss                                     0x20000c35   Section       20  uart_minipc.o(.bss)
    .bss                                     0x20000c4c   Section      207  uart_mpu9250.o(.bss)
    .bss                                     0x20000d1b   Section     2048  uart_judge.o(.bss)
    .bss                                     0x2000151c   Section      840  kalman_filter.o(.bss)
    .bss                                     0x20001864   Section      240  tasks.o(.bss)
    pxReadyTasksLists                        0x20001864   Data         140  tasks.o(.bss)
    xDelayedTaskList1                        0x200018f0   Data          20  tasks.o(.bss)
    xDelayedTaskList2                        0x20001904   Data          20  tasks.o(.bss)
    xPendingReadyList                        0x20001918   Data          20  tasks.o(.bss)
    xTasksWaitingTermination                 0x2000192c   Data          20  tasks.o(.bss)
    xSuspendedTaskList                       0x20001940   Data          20  tasks.o(.bss)
    .bss                                     0x20001954   Section       40  timers.o(.bss)
    xActiveTimerList1                        0x20001954   Data          20  timers.o(.bss)
    xActiveTimerList2                        0x20001968   Data          20  timers.o(.bss)
    .bss                                     0x2000197c   Section       64  queue.o(.bss)
    .bss                                     0x200019bc   Section    25600  heap_2.o(.bss)
    ucHeap                                   0x200019bc   Data       25600  heap_2.o(.bss)
    .bss                                     0x20007dbc   Section       96  libspace.o(.bss)
    HEAP                                     0x20007e20   Section     2048  startup_stm32f40_41xxx.o(HEAP)
    Heap_Mem                                 0x20007e20   Data        2048  startup_stm32f40_41xxx.o(HEAP)
    STACK                                    0x20008620   Section     2048  startup_stm32f40_41xxx.o(STACK)
    Stack_Mem                                0x20008620   Data        2048  startup_stm32f40_41xxx.o(STACK)
    __initial_sp                             0x20008e20   Data           0  startup_stm32f40_41xxx.o(STACK)

    Global Symbols

    Symbol Name                              Value     Ov Type        Size  Object(Section)

    BuildAttributes$$THM_ISAv4$E$P$D$K$B$S$7EM$VFPi3$EXTD16$VFPS$VFMA$PE$A:L22UL41UL21$X:L11$S22US41US21$IEEE1$IW$USESV6$~STKCKD$USESV7$~SHL$OTIME$ROPI$IEEEJ$EBA8$UX$STANDARDLIB$REQ8$PRES8$EABIv2 0x00000000   Number         0  anon$$obj.o ABSOLUTE
    __ARM_use_no_argv                        0x00000000   Number         0  main.o ABSOLUTE
    __ARM_exceptions_init                     - Undefined Weak Reference
    __alloca_initialize                       - Undefined Weak Reference
    __arm_preinit_                            - Undefined Weak Reference
    __cpp_initialize__aeabi_                  - Undefined Weak Reference
    __cxa_finalize                            - Undefined Weak Reference
    __rt_locale                               - Undefined Weak Reference
    __sigvec_lookup                           - Undefined Weak Reference
    __user_heap_extent                        - Undefined Weak Reference
    _atexit_init                              - Undefined Weak Reference
    _call_atexit_fns                          - Undefined Weak Reference
    _clock_init                               - Undefined Weak Reference
    _fp_trap_init                             - Undefined Weak Reference
    _fp_trap_shutdown                         - Undefined Weak Reference
    _get_lc_collate                           - Undefined Weak Reference
    _get_lc_ctype                             - Undefined Weak Reference
    _get_lc_monetary                          - Undefined Weak Reference
    _get_lc_numeric                           - Undefined Weak Reference
    _get_lc_time                              - Undefined Weak Reference
    _getenv_init                              - Undefined Weak Reference
    _handle_redirection                       - Undefined Weak Reference
    _initio                                   - Undefined Weak Reference
    _mutex_acquire                            - Undefined Weak Reference
    _mutex_free                               - Undefined Weak Reference
    _mutex_release                            - Undefined Weak Reference
    _rand_init                                - Undefined Weak Reference
    _signal_finish                            - Undefined Weak Reference
    _signal_init                              - Undefined Weak Reference
    _terminateio                              - Undefined Weak Reference
    __Vectors_Size                           0x00000188   Number         0  startup_stm32f40_41xxx.o ABSOLUTE
    __Vectors                                0x08000000   Data           4  startup_stm32f40_41xxx.o(RESET)
    __Vectors_End                            0x08000188   Data           0  startup_stm32f40_41xxx.o(RESET)
    __main                                   0x08000189   Thumb Code     8  __main.o(!!!main)
    __scatterload                            0x08000191   Thumb Code     0  __scatter.o(!!!scatter)
    __scatterload_rt2                        0x08000191   Thumb Code    44  __scatter.o(!!!scatter)
    __scatterload_rt2_thumb_only             0x08000191   Thumb Code     0  __scatter.o(!!!scatter)
    __scatterload_null                       0x0800019f   Thumb Code     0  __scatter.o(!!!scatter)
    __decompress                             0x080001c5   Thumb Code    90  __dczerorl2.o(!!dczerorl2)
    __decompress1                            0x080001c5   Thumb Code     0  __dczerorl2.o(!!dczerorl2)
    __scatterload_zeroinit                   0x08000221   Thumb Code    28  __scatter_zi.o(!!handler_zi)
    __rt_lib_init                            0x0800023d   Thumb Code     0  libinit.o(.ARM.Collect$$libinit$$00000000)
    __rt_lib_init_fp_1                       0x0800023f   Thumb Code     0  libinit2.o(.ARM.Collect$$libinit$$00000001)
    __rt_lib_init_alloca_1                   0x08000243   Thumb Code     0  libinit2.o(.ARM.Collect$$libinit$$0000002E)
    __rt_lib_init_argv_1                     0x08000243   Thumb Code     0  libinit2.o(.ARM.Collect$$libinit$$0000002C)
    __rt_lib_init_atexit_1                   0x08000243   Thumb Code     0  libinit2.o(.ARM.Collect$$libinit$$0000001B)
    __rt_lib_init_clock_1                    0x08000243   Thumb Code     0  libinit2.o(.ARM.Collect$$libinit$$00000021)
    __rt_lib_init_cpp_1                      0x08000243   Thumb Code     0  libinit2.o(.ARM.Collect$$libinit$$00000032)
    __rt_lib_init_exceptions_1               0x08000243   Thumb Code     0  libinit2.o(.ARM.Collect$$libinit$$00000030)
    __rt_lib_init_fp_trap_1                  0x08000243   Thumb Code     0  libinit2.o(.ARM.Collect$$libinit$$0000001F)
    __rt_lib_init_getenv_1                   0x08000243   Thumb Code     0  libinit2.o(.ARM.Collect$$libinit$$00000023)
    __rt_lib_init_heap_1                     0x08000243   Thumb Code     0  libinit2.o(.ARM.Collect$$libinit$$0000000A)
    __rt_lib_init_lc_collate_1               0x08000243   Thumb Code     0  libinit2.o(.ARM.Collect$$libinit$$00000011)
    __rt_lib_init_lc_ctype_1                 0x08000243   Thumb Code     0  libinit2.o(.ARM.Collect$$libinit$$00000013)
    __rt_lib_init_lc_monetary_1              0x08000243   Thumb Code     0  libinit2.o(.ARM.Collect$$libinit$$00000015)
    __rt_lib_init_lc_numeric_1               0x08000243   Thumb Code     0  libinit2.o(.ARM.Collect$$libinit$$00000017)
    __rt_lib_init_lc_time_1                  0x08000243   Thumb Code     0  libinit2.o(.ARM.Collect$$libinit$$00000019)
    __rt_lib_init_preinit_1                  0x08000243   Thumb Code     0  libinit2.o(.ARM.Collect$$libinit$$00000004)
    __rt_lib_init_rand_1                     0x08000243   Thumb Code     0  libinit2.o(.ARM.Collect$$libinit$$0000000E)
    __rt_lib_init_return                     0x08000243   Thumb Code     0  libinit2.o(.ARM.Collect$$libinit$$00000033)
    __rt_lib_init_signal_1                   0x08000243   Thumb Code     0  libinit2.o(.ARM.Collect$$libinit$$0000001D)
    __rt_lib_init_stdio_1                    0x08000243   Thumb Code     0  libinit2.o(.ARM.Collect$$libinit$$00000025)
    __rt_lib_init_user_alloc_1               0x08000243   Thumb Code     0  libinit2.o(.ARM.Collect$$libinit$$0000000C)
    __rt_lib_shutdown                        0x08000245   Thumb Code     0  libshutdown.o(.ARM.Collect$$libshutdown$$00000000)
    __rt_lib_shutdown_cpp_1                  0x08000247   Thumb Code     0  libshutdown2.o(.ARM.Collect$$libshutdown$$00000002)
    __rt_lib_shutdown_fp_trap_1              0x08000247   Thumb Code     0  libshutdown2.o(.ARM.Collect$$libshutdown$$00000007)
    __rt_lib_shutdown_heap_1                 0x08000247   Thumb Code     0  libshutdown2.o(.ARM.Collect$$libshutdown$$0000000F)
    __rt_lib_shutdown_return                 0x08000247   Thumb Code     0  libshutdown2.o(.ARM.Collect$$libshutdown$$00000010)
    __rt_lib_shutdown_signal_1               0x08000247   Thumb Code     0  libshutdown2.o(.ARM.Collect$$libshutdown$$0000000A)
    __rt_lib_shutdown_stdio_1                0x08000247   Thumb Code     0  libshutdown2.o(.ARM.Collect$$libshutdown$$00000004)
    __rt_lib_shutdown_user_alloc_1           0x08000247   Thumb Code     0  libshutdown2.o(.ARM.Collect$$libshutdown$$0000000C)
    __rt_entry                               0x08000249   Thumb Code     0  __rtentry.o(.ARM.Collect$$rtentry$$00000000)
    __rt_entry_presh_1                       0x08000249   Thumb Code     0  __rtentry2.o(.ARM.Collect$$rtentry$$00000002)
    __rt_entry_sh                            0x08000249   Thumb Code     0  __rtentry4.o(.ARM.Collect$$rtentry$$00000004)
    __rt_entry_li                            0x0800024f   Thumb Code     0  __rtentry2.o(.ARM.Collect$$rtentry$$0000000A)
    __rt_entry_postsh_1                      0x0800024f   Thumb Code     0  __rtentry2.o(.ARM.Collect$$rtentry$$00000009)
    __rt_entry_main                          0x08000253   Thumb Code     0  __rtentry2.o(.ARM.Collect$$rtentry$$0000000D)
    __rt_entry_postli_1                      0x08000253   Thumb Code     0  __rtentry2.o(.ARM.Collect$$rtentry$$0000000C)
    __rt_exit                                0x0800025b   Thumb Code     0  rtexit.o(.ARM.Collect$$rtexit$$00000000)
    __rt_exit_ls                             0x0800025d   Thumb Code     0  rtexit2.o(.ARM.Collect$$rtexit$$00000003)
    __rt_exit_prels_1                        0x0800025d   Thumb Code     0  rtexit2.o(.ARM.Collect$$rtexit$$00000002)
    __rt_exit_exit                           0x08000261   Thumb Code     0  rtexit2.o(.ARM.Collect$$rtexit$$00000004)
    SVC_Handler                              0x08000269   Thumb Code    28  port.o(.emb_text)
    __asm___6_port_c_39a90d8d__prvStartFirstTask 0x08000289   Thumb Code    28  port.o(.emb_text)
    __asm___6_port_c_39a90d8d__prvEnableVFP  0x080002a9   Thumb Code    16  port.o(.emb_text)
    PendSV_Handler                           0x080002bd   Thumb Code    88  port.o(.emb_text)
    vPortGetIPSR                             0x08000319   Thumb Code     6  port.o(.emb_text)
    Reset_Handler                            0x08000321   Thumb Code     8  startup_stm32f40_41xxx.o(.text)
    ADC_IRQHandler                           0x0800033b   Thumb Code     0  startup_stm32f40_41xxx.o(.text)
    CAN1_RX1_IRQHandler                      0x0800033b   Thumb Code     0  startup_stm32f40_41xxx.o(.text)
    CAN1_SCE_IRQHandler                      0x0800033b   Thumb Code     0  startup_stm32f40_41xxx.o(.text)
    CAN2_RX1_IRQHandler                      0x0800033b   Thumb Code     0  startup_stm32f40_41xxx.o(.text)
    CAN2_SCE_IRQHandler                      0x0800033b   Thumb Code     0  startup_stm32f40_41xxx.o(.text)
    CAN2_TX_IRQHandler                       0x0800033b   Thumb Code     0  startup_stm32f40_41xxx.o(.text)
    CRYP_IRQHandler                          0x0800033b   Thumb Code     0  startup_stm32f40_41xxx.o(.text)
    DCMI_IRQHandler                          0x0800033b   Thumb Code     0  startup_stm32f40_41xxx.o(.text)
    DMA1_Stream0_IRQHandler                  0x0800033b   Thumb Code     0  startup_stm32f40_41xxx.o(.text)
    DMA1_Stream1_IRQHandler                  0x0800033b   Thumb Code     0  startup_stm32f40_41xxx.o(.text)
    DMA1_Stream3_IRQHandler                  0x0800033b   Thumb Code     0  startup_stm32f40_41xxx.o(.text)
    DMA1_Stream4_IRQHandler                  0x0800033b   Thumb Code     0  startup_stm32f40_41xxx.o(.text)
    DMA1_Stream6_IRQHandler                  0x0800033b   Thumb Code     0  startup_stm32f40_41xxx.o(.text)
    DMA1_Stream7_IRQHandler                  0x0800033b   Thumb Code     0  startup_stm32f40_41xxx.o(.text)
    DMA2_Stream0_IRQHandler                  0x0800033b   Thumb Code     0  startup_stm32f40_41xxx.o(.text)
    DMA2_Stream1_IRQHandler                  0x0800033b   Thumb Code     0  startup_stm32f40_41xxx.o(.text)
    DMA2_Stream2_IRQHandler                  0x0800033b   Thumb Code     0  startup_stm32f40_41xxx.o(.text)
    DMA2_Stream3_IRQHandler                  0x0800033b   Thumb Code     0  startup_stm32f40_41xxx.o(.text)
    DMA2_Stream4_IRQHandler                  0x0800033b   Thumb Code     0  startup_stm32f40_41xxx.o(.text)
    DMA2_Stream5_IRQHandler                  0x0800033b   Thumb Code     0  startup_stm32f40_41xxx.o(.text)
    DMA2_Stream6_IRQHandler                  0x0800033b   Thumb Code     0  startup_stm32f40_41xxx.o(.text)
    DMA2_Stream7_IRQHandler                  0x0800033b   Thumb Code     0  startup_stm32f40_41xxx.o(.text)
    ETH_IRQHandler                           0x0800033b   Thumb Code     0  startup_stm32f40_41xxx.o(.text)
    ETH_WKUP_IRQHandler                      0x0800033b   Thumb Code     0  startup_stm32f40_41xxx.o(.text)
    EXTI0_IRQHandler                         0x0800033b   Thumb Code     0  startup_stm32f40_41xxx.o(.text)
    EXTI15_10_IRQHandler                     0x0800033b   Thumb Code     0  startup_stm32f40_41xxx.o(.text)
    EXTI1_IRQHandler                         0x0800033b   Thumb Code     0  startup_stm32f40_41xxx.o(.text)
    EXTI2_IRQHandler                         0x0800033b   Thumb Code     0  startup_stm32f40_41xxx.o(.text)
    EXTI3_IRQHandler                         0x0800033b   Thumb Code     0  startup_stm32f40_41xxx.o(.text)
    EXTI4_IRQHandler                         0x0800033b   Thumb Code     0  startup_stm32f40_41xxx.o(.text)
    EXTI9_5_IRQHandler                       0x0800033b   Thumb Code     0  startup_stm32f40_41xxx.o(.text)
    FLASH_IRQHandler                         0x0800033b   Thumb Code     0  startup_stm32f40_41xxx.o(.text)
    FPU_IRQHandler                           0x0800033b   Thumb Code     0  startup_stm32f40_41xxx.o(.text)
    FSMC_IRQHandler                          0x0800033b   Thumb Code     0  startup_stm32f40_41xxx.o(.text)
    HASH_RNG_IRQHandler                      0x0800033b   Thumb Code     0  startup_stm32f40_41xxx.o(.text)
    I2C1_ER_IRQHandler                       0x0800033b   Thumb Code     0  startup_stm32f40_41xxx.o(.text)
    I2C1_EV_IRQHandler                       0x0800033b   Thumb Code     0  startup_stm32f40_41xxx.o(.text)
    I2C2_ER_IRQHandler                       0x0800033b   Thumb Code     0  startup_stm32f40_41xxx.o(.text)
    I2C2_EV_IRQHandler                       0x0800033b   Thumb Code     0  startup_stm32f40_41xxx.o(.text)
    I2C3_ER_IRQHandler                       0x0800033b   Thumb Code     0  startup_stm32f40_41xxx.o(.text)
    I2C3_EV_IRQHandler                       0x0800033b   Thumb Code     0  startup_stm32f40_41xxx.o(.text)
    OTG_FS_IRQHandler                        0x0800033b   Thumb Code     0  startup_stm32f40_41xxx.o(.text)
    OTG_FS_WKUP_IRQHandler                   0x0800033b   Thumb Code     0  startup_stm32f40_41xxx.o(.text)
    OTG_HS_EP1_IN_IRQHandler                 0x0800033b   Thumb Code     0  startup_stm32f40_41xxx.o(.text)
    OTG_HS_EP1_OUT_IRQHandler                0x0800033b   Thumb Code     0  startup_stm32f40_41xxx.o(.text)
    OTG_HS_IRQHandler                        0x0800033b   Thumb Code     0  startup_stm32f40_41xxx.o(.text)
    OTG_HS_WKUP_IRQHandler                   0x0800033b   Thumb Code     0  startup_stm32f40_41xxx.o(.text)
    PVD_IRQHandler                           0x0800033b   Thumb Code     0  startup_stm32f40_41xxx.o(.text)
    RCC_IRQHandler                           0x0800033b   Thumb Code     0  startup_stm32f40_41xxx.o(.text)
    RTC_Alarm_IRQHandler                     0x0800033b   Thumb Code     0  startup_stm32f40_41xxx.o(.text)
    RTC_WKUP_IRQHandler                      0x0800033b   Thumb Code     0  startup_stm32f40_41xxx.o(.text)
    SDIO_IRQHandler                          0x0800033b   Thumb Code     0  startup_stm32f40_41xxx.o(.text)
    SPI1_IRQHandler                          0x0800033b   Thumb Code     0  startup_stm32f40_41xxx.o(.text)
    SPI2_IRQHandler                          0x0800033b   Thumb Code     0  startup_stm32f40_41xxx.o(.text)
    SPI3_IRQHandler                          0x0800033b   Thumb Code     0  startup_stm32f40_41xxx.o(.text)
    TAMP_STAMP_IRQHandler                    0x0800033b   Thumb Code     0  startup_stm32f40_41xxx.o(.text)
    TIM1_BRK_TIM9_IRQHandler                 0x0800033b   Thumb Code     0  startup_stm32f40_41xxx.o(.text)
    TIM1_CC_IRQHandler                       0x0800033b   Thumb Code     0  startup_stm32f40_41xxx.o(.text)
    TIM1_TRG_COM_TIM11_IRQHandler            0x0800033b   Thumb Code     0  startup_stm32f40_41xxx.o(.text)
    TIM1_UP_TIM10_IRQHandler                 0x0800033b   Thumb Code     0  startup_stm32f40_41xxx.o(.text)
    TIM2_IRQHandler                          0x0800033b   Thumb Code     0  startup_stm32f40_41xxx.o(.text)
    TIM3_IRQHandler                          0x0800033b   Thumb Code     0  startup_stm32f40_41xxx.o(.text)
    TIM4_IRQHandler                          0x0800033b   Thumb Code     0  startup_stm32f40_41xxx.o(.text)
    TIM5_IRQHandler                          0x0800033b   Thumb Code     0  startup_stm32f40_41xxx.o(.text)
    TIM6_DAC_IRQHandler                      0x0800033b   Thumb Code     0  startup_stm32f40_41xxx.o(.text)
    TIM7_IRQHandler                          0x0800033b   Thumb Code     0  startup_stm32f40_41xxx.o(.text)
    TIM8_BRK_TIM12_IRQHandler                0x0800033b   Thumb Code     0  startup_stm32f40_41xxx.o(.text)
    TIM8_CC_IRQHandler                       0x0800033b   Thumb Code     0  startup_stm32f40_41xxx.o(.text)
    TIM8_TRG_COM_TIM14_IRQHandler            0x0800033b   Thumb Code     0  startup_stm32f40_41xxx.o(.text)
    TIM8_UP_TIM13_IRQHandler                 0x0800033b   Thumb Code     0  startup_stm32f40_41xxx.o(.text)
    USART1_IRQHandler                        0x0800033b   Thumb Code     0  startup_stm32f40_41xxx.o(.text)
    USART6_IRQHandler                        0x0800033b   Thumb Code     0  startup_stm32f40_41xxx.o(.text)
    WWDG_IRQHandler                          0x0800033b   Thumb Code     0  startup_stm32f40_41xxx.o(.text)
    __user_initial_stackheap                 0x0800033d   Thumb Code     0  startup_stm32f40_41xxx.o(.text)
    __aeabi_memcpy                           0x08000361   Thumb Code     0  rt_memcpy_v6.o(.text)
    __rt_memcpy                              0x08000361   Thumb Code   138  rt_memcpy_v6.o(.text)
    _memcpy_lastbytes                        0x080003c7   Thumb Code     0  rt_memcpy_v6.o(.text)
    __aeabi_memcpy4                          0x080003eb   Thumb Code     0  rt_memcpy_w.o(.text)
    __aeabi_memcpy8                          0x080003eb   Thumb Code     0  rt_memcpy_w.o(.text)
    __rt_memcpy_w                            0x080003eb   Thumb Code   100  rt_memcpy_w.o(.text)
    _memcpy_lastbytes_aligned                0x08000433   Thumb Code     0  rt_memcpy_w.o(.text)
    __aeabi_memset                           0x0800044f   Thumb Code    16  aeabi_memset.o(.text)
    __aeabi_memclr4                          0x0800045f   Thumb Code     0  rt_memclr_w.o(.text)
    __aeabi_memclr8                          0x0800045f   Thumb Code     0  rt_memclr_w.o(.text)
    __rt_memclr_w                            0x0800045f   Thumb Code    78  rt_memclr_w.o(.text)
    _memset_w                                0x08000463   Thumb Code     0  rt_memclr_w.o(.text)
    __use_two_region_memory                  0x080004ad   Thumb Code     2  heapauxi.o(.text)
    __rt_heap_escrow                         0x080004af   Thumb Code     2  heapauxi.o(.text)
    __rt_heap_expand                         0x080004b1   Thumb Code     2  heapauxi.o(.text)
    __aeabi_memclr                           0x080004b3   Thumb Code     0  rt_memclr.o(.text)
    __rt_memclr                              0x080004b3   Thumb Code    68  rt_memclr.o(.text)
    _memset                                  0x080004b7   Thumb Code     0  rt_memclr.o(.text)
    __user_libspace                          0x080004f9   Thumb Code     8  libspace.o(.text)
    __user_perproc_libspace                  0x080004f9   Thumb Code     0  libspace.o(.text)
    __user_perthread_libspace                0x080004f9   Thumb Code     0  libspace.o(.text)
    __I$use$semihosting                      0x08000501   Thumb Code     0  use_no_semi.o(.text)
    __use_no_semihosting_swi                 0x08000501   Thumb Code     2  use_no_semi.o(.text)
    __semihosting_library_function           0x08000503   Thumb Code     0  indicate_semi.o(.text)
    __user_setup_stackheap                   0x08000503   Thumb Code    74  sys_stackheap_outer.o(.text)
    exit                                     0x0800054d   Thumb Code    18  exit.o(.text)
    _sys_exit                                0x08000561   Thumb Code     8  sys_exit.o(.text)
    Beep_Configuration                       0x0800056d   Thumb Code    50  gimbal_monitor.o(i.Beep_Configuration)
    BusFault_Handler                         0x080005a5   Thumb Code     4  stm32f4xx_it.o(i.BusFault_Handler)
    CAN1_RX0_IRQHandler                      0x080005a9   Thumb Code   580  can_1.o(i.CAN1_RX0_IRQHandler)
    CAN1_TX_IRQHandler                       0x08000819   Thumb Code    22  can_1.o(i.CAN1_TX_IRQHandler)
    CAN2_RX0_IRQHandler                      0x08000835   Thumb Code   844  can_2.o(i.CAN2_RX0_IRQHandler)
    CAN_ClearITPendingBit                    0x08000bb1   Thumb Code   162  stm32f4xx_can.o(i.CAN_ClearITPendingBit)
    CAN_DeInit                               0x08000c59   Thumb Code    50  stm32f4xx_can.o(i.CAN_DeInit)
    CAN_FilterInit                           0x08000c91   Thumb Code   258  stm32f4xx_can.o(i.CAN_FilterInit)
    CAN_First_InitConfig                     0x08000d99   Thumb Code   262  can_1.o(i.CAN_First_InitConfig)
    CAN_GetITStatus                          0x08000ea9   Thumb Code   284  stm32f4xx_can.o(i.CAN_GetITStatus)
    CAN_ITConfig                             0x08000fc9   Thumb Code    18  stm32f4xx_can.o(i.CAN_ITConfig)
    CAN_Init                                 0x08000fdb   Thumb Code   276  stm32f4xx_can.o(i.CAN_Init)
    CAN_Receive                              0x080010ef   Thumb Code   240  stm32f4xx_can.o(i.CAN_Receive)
    CAN_Second_InitConfig                    0x080011e1   Thumb Code   240  can_2.o(i.CAN_Second_InitConfig)
    CAN_StructInit                           0x080012d9   Thumb Code    32  stm32f4xx_can.o(i.CAN_StructInit)
    CAN_Transmit                             0x080012f9   Thumb Code   294  stm32f4xx_can.o(i.CAN_Transmit)
    CloudMotorDriveCan1                      0x08001431   Thumb Code    78  can_1.o(i.CloudMotorDriveCan1)
    CloudMotorDriveCan2                      0x08001489   Thumb Code    78  can_2.o(i.CloudMotorDriveCan2)
    Cloud_Angle_Set                          0x080014e1   Thumb Code    76  cloud_control.o(i.Cloud_Angle_Set)
    Cloud_Control_Pitch                      0x08001545   Thumb Code   468  cloud_control.o(i.Cloud_Control_Pitch)
    Cloud_Control_Yaw                        0x08001745   Thumb Code   542  cloud_control.o(i.Cloud_Control_Yaw)
    Cloud_PID_Param                          0x08001999   Thumb Code   308  cloud_control.o(i.Cloud_PID_Param)
    Control_Status_Update                    0x08001b1d   Thumb Code   406  status_update.o(i.Control_Status_Update)
    DMA1_Stream2_IRQHandler                  0x08001ccd   Thumb Code    76  uart_judge.o(i.DMA1_Stream2_IRQHandler)
    DMA1_Stream5_IRQHandler                  0x08001d31   Thumb Code    58  uart_minipc.o(i.DMA1_Stream5_IRQHandler)
    DMA_ClearFlag                            0x08001d79   Thumb Code    38  stm32f4xx_dma.o(i.DMA_ClearFlag)
    DMA_ClearITPendingBit                    0x08001dad   Thumb Code    38  stm32f4xx_dma.o(i.DMA_ClearITPendingBit)
    DMA_Cmd                                  0x08001de1   Thumb Code    22  stm32f4xx_dma.o(i.DMA_Cmd)
    DMA_DeInit                               0x08001df9   Thumb Code   324  stm32f4xx_dma.o(i.DMA_DeInit)
    DMA_GetCmdStatus                         0x08001f51   Thumb Code    20  stm32f4xx_dma.o(i.DMA_GetCmdStatus)
    DMA_GetCurrentMemoryTarget               0x08001f65   Thumb Code    20  stm32f4xx_dma.o(i.DMA_GetCurrentMemoryTarget)
    DMA_GetFlagStatus                        0x08001f79   Thumb Code    54  stm32f4xx_dma.o(i.DMA_GetFlagStatus)
    DMA_GetITStatus                          0x08001fbd   Thumb Code    82  stm32f4xx_dma.o(i.DMA_GetITStatus)
    DMA_ITConfig                             0x08002021   Thumb Code    58  stm32f4xx_dma.o(i.DMA_ITConfig)
    DMA_Init                                 0x0800205d   Thumb Code    82  stm32f4xx_dma.o(i.DMA_Init)
    DMA_MemoryTargetConfig                   0x080020b5   Thumb Code    10  stm32f4xx_dma.o(i.DMA_MemoryTargetConfig)
    DMA_SetCurrDataCounter                   0x080020bf   Thumb Code     4  stm32f4xx_dma.o(i.DMA_SetCurrDataCounter)
    DebugMon_Handler                         0x080020c3   Thumb Code     2  stm32f4xx_it.o(i.DebugMon_Handler)
    ECS_Init                                 0x080020c5   Thumb Code    12  pwm.o(i.ECS_Init)
    FricStatus_Control                       0x080020d1   Thumb Code    32  poked_control.o(i.FricStatus_Control)
    GIMABL__RC                               0x080020f5   Thumb Code   210  gimbal_task.o(i.GIMABL__RC)
    GIMBAL__FLOOW                            0x08002209   Thumb Code   360  gimbal_task.o(i.GIMBAL__FLOOW)
    GIMBAL__HEAT                             0x080023b5   Thumb Code   196  gimbal_task.o(i.GIMBAL__HEAT)
    GIMBAL__RELAX                            0x080024b1   Thumb Code    96  gimbal_task.o(i.GIMBAL__RELAX)
    GPIO_Init                                0x08002541   Thumb Code   144  stm32f4xx_gpio.o(i.GPIO_Init)
    GPIO_PinAFConfig                         0x080025d1   Thumb Code    70  stm32f4xx_gpio.o(i.GPIO_PinAFConfig)
    GPIO_ResetBits                           0x08002617   Thumb Code     4  stm32f4xx_gpio.o(i.GPIO_ResetBits)
    GPIO_SetBits                             0x0800261b   Thumb Code     4  stm32f4xx_gpio.o(i.GPIO_SetBits)
    GimbalHeat_AngleSet                      0x0800261f   Thumb Code     2  cloud_control.o(i.GimbalHeat_AngleSet)
    Gimbal_Board_Communicate                 0x08002621   Thumb Code    78  can_1.o(i.Gimbal_Board_Communicate)
    Gimbal_Monitor                           0x08002679   Thumb Code   290  gimbal_monitor.o(i.Gimbal_Monitor)
    Gimbal_Task                              0x080027c1   Thumb Code   476  gimbal_task.o(i.Gimbal_Task)
    HardFault_Handler                        0x080029e5   Thumb Code     4  stm32f4xx_it.o(i.HardFault_Handler)
    KalMan_PramInit                          0x080029e9   Thumb Code    66  kalman.o(i.KalMan_PramInit)
    Kalman_Parameter_Init                    0x08002a3d   Thumb Code    74  kalman_filter.o(i.Kalman_Parameter_Init)
    Laser_Init                               0x08002aa5   Thumb Code    50  gpio.o(i.Laser_Init)
    MemManage_Handler                        0x08002add   Thumb Code     4  stm32f4xx_it.o(i.MemManage_Handler)
    NMI_Handler                              0x08002ae1   Thumb Code     2  stm32f4xx_it.o(i.NMI_Handler)
    NVIC_Init                                0x08002ae5   Thumb Code   106  misc.o(i.NVIC_Init)
    NVIC_PriorityGroupConfig                 0x08002b5d   Thumb Code    10  misc.o(i.NVIC_PriorityGroupConfig)
    PC_Communicate                           0x08002b71   Thumb Code   148  uart_minipc.o(i.PC_Communicate)
    PWM_Configuration                        0x08002c05   Thumb Code   204  pwm.o(i.PWM_Configuration)
    Pitch_Heat_Control                       0x08002cd5   Thumb Code   586  cloud_control.o(i.Pitch_Heat_Control)
    Poke_Calculation                         0x08002f55   Thumb Code   600  poked_control.o(i.Poke_Calculation)
    Poked_Control                            0x080031f1   Thumb Code   228  poked_control.o(i.Poked_Control)
    RCC_AHB1PeriphClockCmd                   0x080032e9   Thumb Code    26  stm32f4xx_rcc.o(i.RCC_AHB1PeriphClockCmd)
    RCC_APB1PeriphClockCmd                   0x08003309   Thumb Code    26  stm32f4xx_rcc.o(i.RCC_APB1PeriphClockCmd)
    RCC_APB1PeriphResetCmd                   0x08003329   Thumb Code    26  stm32f4xx_rcc.o(i.RCC_APB1PeriphResetCmd)
    RCC_GetClocksFreq                        0x08003349   Thumb Code   214  stm32f4xx_rcc.o(i.RCC_GetClocksFreq)
    SysTick_CLKSourceConfig                  0x0800351d   Thumb Code    40  misc.o(i.SysTick_CLKSourceConfig)
    SysTick_Handler                          0x08003545   Thumb Code    16  delay.o(i.SysTick_Handler)
    SystemInit                               0x08003555   Thumb Code    88  system_stm32f4xx.o(i.SystemInit)
    TIM_ARRPreloadConfig                     0x080035bd   Thumb Code    24  stm32f4xx_tim.o(i.TIM_ARRPreloadConfig)
    TIM_Cmd                                  0x080035d5   Thumb Code    24  stm32f4xx_tim.o(i.TIM_Cmd)
    TIM_CtrlPWMOutputs                       0x080035ed   Thumb Code    30  stm32f4xx_tim.o(i.TIM_CtrlPWMOutputs)
    TIM_OC1Init                              0x0800360d   Thumb Code   114  stm32f4xx_tim.o(i.TIM_OC1Init)
    TIM_OC1PreloadConfig                     0x08003689   Thumb Code    18  stm32f4xx_tim.o(i.TIM_OC1PreloadConfig)
    TIM_OC2Init                              0x0800369d   Thumb Code   154  stm32f4xx_tim.o(i.TIM_OC2Init)
    TIM_OC2PreloadConfig                     0x08003741   Thumb Code    26  stm32f4xx_tim.o(i.TIM_OC2PreloadConfig)
    TIM_TimeBaseInit                         0x0800375d   Thumb Code   104  stm32f4xx_tim.o(i.TIM_TimeBaseInit)
    Task_CANSend                             0x080037e1   Thumb Code    46  task_cansend.o(i.Task_CANSend)
    Task_SysInitConfig                       0x0800381d   Thumb Code   208  start_task.o(i.Task_SysInitConfig)
    UART4_IRQHandler                         0x08003935   Thumb Code    30  uart_judge.o(i.UART4_IRQHandler)
    UART5_DBUS_InitConfig                    0x08003961   Thumb Code   246  uart_dbus.o(i.UART5_DBUS_InitConfig)
    UART5_IRQHandler                         0x08003a71   Thumb Code   382  uart_dbus.o(i.UART5_IRQHandler)
    USART2_IRQHandler                        0x08003c0d   Thumb Code  1356  uart_minipc.o(i.USART2_IRQHandler)
    USART2_Senddata                          0x0800416d   Thumb Code    28  uart_minipc.o(i.USART2_Senddata)
    USART3_IRQHandler                        0x0800418d   Thumb Code   664  uart_mpu9250.o(i.USART3_IRQHandler)
    USART_Cmd                                0x08004491   Thumb Code    24  stm32f4xx_usart.o(i.USART_Cmd)
    USART_DMACmd                             0x080044a9   Thumb Code    18  stm32f4xx_usart.o(i.USART_DMACmd)
    USART_GetFlagStatus                      0x080044bb   Thumb Code    26  stm32f4xx_usart.o(i.USART_GetFlagStatus)
    USART_ITConfig                           0x080044d5   Thumb Code    74  stm32f4xx_usart.o(i.USART_ITConfig)
    USART_Init                               0x08004521   Thumb Code   204  stm32f4xx_usart.o(i.USART_Init)
    USART_MiniPC_InitConfig                  0x080045f5   Thumb Code   262  uart_minipc.o(i.USART_MiniPC_InitConfig)
    USART_SendData                           0x0800470d   Thumb Code     8  stm32f4xx_usart.o(i.USART_SendData)
    USART_mpu9250_InitConfig                 0x08004715   Thumb Code   296  uart_mpu9250.o(i.USART_mpu9250_InitConfig)
    UsageFault_Handler                       0x0800484d   Thumb Code     4  stm32f4xx_it.o(i.UsageFault_Handler)
    Yaw_Heat_Control                         0x08004851   Thumb Code   412  cloud_control.o(i.Yaw_Heat_Control)
    __hardfp_fabs                            0x08004a09   Thumb Code    20  fabs.o(i.__hardfp_fabs)
    arm_mat_add_f32                          0x08004a1d   Thumb Code   192  arm_mat_add_f32.o(i.arm_mat_add_f32)
    arm_mat_init_f32                         0x08004add   Thumb Code     8  arm_mat_init_f32.o(i.arm_mat_init_f32)
    arm_mat_inverse_f32                      0x08004ae5   Thumb Code   778  arm_mat_inverse_f32.o(i.arm_mat_inverse_f32)
    arm_mat_mult_f32                         0x08004df5   Thumb Code   320  arm_mat_mult_f32.o(i.arm_mat_mult_f32)
    arm_mat_sub_f32                          0x08004f39   Thumb Code   192  arm_mat_sub_f32.o(i.arm_mat_sub_f32)
    arm_mat_trans_f32                        0x08004ff9   Thumb Code   152  arm_mat_trans_f32.o(i.arm_mat_trans_f32)
    delay_init                               0x080050cd   Thumb Code    58  delay.o(i.delay_init)
    kalman_filter_calc                       0x08005121   Thumb Code   470  kalman_filter.o(i.kalman_filter_calc)
    kalman_filter_init                       0x080052fd   Thumb Code   224  kalman_filter.o(i.kalman_filter_init)
    main                                     0x080053dd   Thumb Code    42  main.o(i.main)
    osSignalSet                              0x08005421   Thumb Code    92  cmsis_os.o(i.osSignalSet)
    pvPortMalloc                             0x08005c45   Thumb Code   166  heap_2.o(i.pvPortMalloc)
    pvTaskIncrementMutexHeldCount            0x08005cfd   Thumb Code    26  tasks.o(i.pvTaskIncrementMutexHeldCount)
    pxPortInitialiseStack                    0x08005d1d   Thumb Code    34  port.o(i.pxPortInitialiseStack)
    uxListRemove                             0x08005d45   Thumb Code    40  list.o(i.uxListRemove)
    vListInitialise                          0x08005d6d   Thumb Code    26  list.o(i.vListInitialise)
    vListInitialiseItem                      0x08005d87   Thumb Code     6  list.o(i.vListInitialiseItem)
    vListInsert                              0x08005d8d   Thumb Code    52  list.o(i.vListInsert)
    vListInsertEnd                           0x08005dc1   Thumb Code    24  list.o(i.vListInsertEnd)
    vPortEnterCritical                       0x08005dd9   Thumb Code    76  port.o(i.vPortEnterCritical)
    vPortExitCritical                        0x08005e2d   Thumb Code    56  port.o(i.vPortExitCritical)
    vPortFree                                0x08005e69   Thumb Code    56  heap_2.o(i.vPortFree)
    vPortSetupTimerInterrupt                 0x08005ea9   Thumb Code    14  port.o(i.vPortSetupTimerInterrupt)
    vPortValidateInterruptPriority           0x08005ebd   Thumb Code   106  port.o(i.vPortValidateInterruptPriority)
    vQueueAddToRegistry                      0x08005f35   Thumb Code    38  queue.o(i.vQueueAddToRegistry)
    vQueueWaitForMessageRestricted           0x08005f61   Thumb Code    66  queue.o(i.vQueueWaitForMessageRestricted)
    vTaskDelay                               0x08005fa5   Thumb Code   120  tasks.o(i.vTaskDelay)
    vTaskDelayUntil                          0x08006031   Thumb Code   230  tasks.o(i.vTaskDelayUntil)
    vTaskDelete                              0x0800612d   Thumb Code   186  tasks.o(i.vTaskDelete)
    vTaskMissedYield                         0x0800620d   Thumb Code     8  tasks.o(i.vTaskMissedYield)
    vTaskPlaceOnEventList                    0x08006219   Thumb Code   108  tasks.o(i.vTaskPlaceOnEventList)
    vTaskPlaceOnEventListRestricted          0x08006295   Thumb Code   114  tasks.o(i.vTaskPlaceOnEventListRestricted)
    vTaskPriorityInherit                     0x08006319   Thumb Code   164  tasks.o(i.vTaskPriorityInherit)
    vTaskSetTimeOutState                     0x080063c9   Thumb Code    38  tasks.o(i.vTaskSetTimeOutState)
    vTaskStartScheduler                      0x080063f9   Thumb Code   110  tasks.o(i.vTaskStartScheduler)
    vTaskSuspendAll                          0x08006481   Thumb Code    12  tasks.o(i.vTaskSuspendAll)
    vTaskSwitchContext                       0x08006491   Thumb Code   118  tasks.o(i.vTaskSwitchContext)
    xPortStartScheduler                      0x0800651d   Thumb Code   288  port.o(i.xPortStartScheduler)
    xPortSysTickHandler                      0x08006659   Thumb Code    48  port.o(i.xPortSysTickHandler)
    xQueueGenericCreate                      0x0800668d   Thumb Code   134  queue.o(i.xQueueGenericCreate)
    xQueueGenericReceive                     0x08006715   Thumb Code   424  queue.o(i.xQueueGenericReceive)
    xQueueGenericReset                       0x080068c1   Thumb Code   144  queue.o(i.xQueueGenericReset)
    xQueueGenericSend                        0x08006955   Thumb Code   412  queue.o(i.xQueueGenericSend)
    xQueueGenericSendFromISR                 0x08006af5   Thumb Code   240  queue.o(i.xQueueGenericSendFromISR)
    xTaskCheckForTimeOut                     0x08006be5   Thumb Code   132  tasks.o(i.xTaskCheckForTimeOut)
    xTaskGenericCreate                       0x08006c71   Thumb Code   340  tasks.o(i.xTaskGenericCreate)
    xTaskGenericNotify                       0x08006de1   Thumb Code   242  tasks.o(i.xTaskGenericNotify)
    xTaskGenericNotifyFromISR                0x08006ee5   Thumb Code   290  tasks.o(i.xTaskGenericNotifyFromISR)
    xTaskGetSchedulerState                   0x0800701d   Thumb Code    24  tasks.o(i.xTaskGetSchedulerState)
    xTaskGetTickCount                        0x0800703d   Thumb Code     6  tasks.o(i.xTaskGetTickCount)
    xTaskIncrementTick                       0x08007049   Thumb Code   286  tasks.o(i.xTaskIncrementTick)
    xTaskPriorityDisinherit                  0x08007195   Thumb Code   188  tasks.o(i.xTaskPriorityDisinherit)
    xTaskRemoveFromEventList                 0x0800725d   Thumb Code   128  tasks.o(i.xTaskRemoveFromEventList)
    xTaskResumeAll                           0x080072f5   Thumb Code   224  tasks.o(i.xTaskResumeAll)
    xTimerCreateTimerTask                    0x080073f9   Thumb Code    72  timers.o(i.xTimerCreateTimerTask)
    xTimerGenericCommand                     0x08007451   Thumb Code   126  timers.o(i.xTimerGenericCommand)
    __aeabi_d2f                              0x080074d5   Thumb Code     0  d2f.o(x$fpl$d2f)
    _d2f                                     0x080074d5   Thumb Code    98  d2f.o(x$fpl$d2f)
    __fpl_dcmp_Inf                           0x08007537   Thumb Code    24  dcmpi.o(x$fpl$dcmpinf)
    __aeabi_cdcmple                          0x08007551   Thumb Code     0  dleqf.o(x$fpl$dleqf)
    _dcmple                                  0x08007551   Thumb Code   120  dleqf.o(x$fpl$dleqf)
    __fpl_dcmple_InfNaN                      0x080075b3   Thumb Code     0  dleqf.o(x$fpl$dleqf)
    __fpl_dnaninf                            0x080075c9   Thumb Code   156  dnaninf.o(x$fpl$dnaninf)
    __fpl_dretinf                            0x08007665   Thumb Code    12  dretinf.o(x$fpl$dretinf)
    __aeabi_cdrcmple                         0x08007671   Thumb Code     0  drleqf.o(x$fpl$drleqf)
    _drcmple                                 0x08007671   Thumb Code   108  drleqf.o(x$fpl$drleqf)
    __aeabi_f2d                              0x080076dd   Thumb Code     0  f2d.o(x$fpl$f2d)
    _f2d                                     0x080076dd   Thumb Code    86  f2d.o(x$fpl$f2d)
    __fpl_fnaninf                            0x08007733   Thumb Code   140  fnaninf.o(x$fpl$fnaninf)
    _fp_init                                 0x080077bf   Thumb Code    10  fpinit.o(x$fpl$fpinit)
    __fplib_config_fpu_vfp                   0x080077c7   Thumb Code     0  fpinit.o(x$fpl$fpinit)
    __fplib_config_pureend_doubles           0x080077c7   Thumb Code     0  fpinit.o(x$fpl$fpinit)
    __fpl_fretinf                            0x080077c9   Thumb Code    10  fretinf.o(x$fpl$fretinf)
    __I$use$fp                               0x080077d2   Number         0  usenofp.o(x$fpl$usenofp)
    Region$$Table$$Base                      0x080077d4   Number         0  anon$$obj.o(Region$$Table)
    Region$$Table$$Limit                     0x080077f4   Number         0  anon$$obj.o(Region$$Table)
    judge_unpack_task_t                      0x20000000   Data           4  start_task.o(.data)
    Time_Counter                             0x20000004   Data           4  gimbal_task.o(.data)
    Time2Counter                             0x20000008   Data           4  gimbal_task.o(.data)
    Time_PC                                  0x2000000c   Data           4  gimbal_task.o(.data)
    JumpToRCFlag                             0x20000010   Data           1  gimbal_task.o(.data)
    JumpToFloowFlag                          0x20000011   Data           1  gimbal_task.o(.data)
    JumpToHeatFlag                           0x20000012   Data           1  gimbal_task.o(.data)
    JumpToRelaxFlag                          0x20000013   Data           1  gimbal_task.o(.data)
    JumpToHoldFlag                           0x20000014   Data           1  gimbal_task.o(.data)
    JumpToPoked                              0x20000015   Data           1  gimbal_task.o(.data)
    OutLineNumber                            0x20000016   Data           1  gimbal_monitor.o(.data)
    tone_sequence                            0x20000017   Data           1  gimbal_monitor.o(.data)
    tone                                     0x20000018   Data         180  gimbal_monitor.o(.data)
    Position                                 0x200000cc   Data           1  struct.o(.data)
    Control_Mode                             0x200000cd   Data           1  struct.o(.data)
    FricStatus                               0x200000ce   Data           1  struct.o(.data)
    MontionMode                              0x200000cf   Data           1  struct.o(.data)
    Chassis_Heat_Mode                        0x200000d0   Data           1  struct.o(.data)
    GimbalMotionMode                         0x200000d1   Data           1  struct.o(.data)
    Gimbal_Control                           0x200000d2   Data           1  struct.o(.data)
    Least_Square_Info                        0x200000d3   Data           3  struct.o(.data)
    CHASSISBOARD_FrameCounter                0x200000dc   Data           4  can_1.o(.data)
    Edge_Flag                                0x200000e0   Data           4  can_1.o(.data)
    CAN_TX                                   0x200000e4   Data           8  can_1.o(.data)
    CAN_RX_BOARD                             0x200000ec   Data           8  can_1.o(.data)
    CAN_RX_Yaw                               0x200000f4   Data           8  can_1.o(.data)
    Queue_CANSend                            0x200000fc   Data           4  can_2.o(.data)
    CAN_RX_Cloud                             0x20000100   Data           8  can_2.o(.data)
    CAN2_RX_Pitch                            0x20000108   Data           8  can_2.o(.data)
    CAN2_RX_Poked                            0x20000110   Data           8  can_2.o(.data)
    CAN_RX_F                                 0x20000118   Data           8  can_2.o(.data)
    CAN_RX_B                                 0x20000120   Data           8  can_2.o(.data)
    GIMBALBOARD_FrameCounter                 0x20000128   Data           4  can_2.o(.data)
    DBUSFrameCounter                         0x2000012c   Data           1  uart_dbus.o(.data)
    UARTtemp5                                0x20000130   Data           4  uart_dbus.o(.data)
    i                                        0x20000134   Data           1  uart_minipc.o(.data)
    USARTtemp2                               0x20000138   Data           4  uart_minipc.o(.data)
    MiniPCFrameCounter                       0x2000013c   Data           4  uart_minipc.o(.data)
    USART2_TX_LEN                            0x20000140   Data           1  uart_minipc.o(.data)
    UARTtemp3                                0x20000144   Data           4  uart_mpu9250.o(.data)
    dma_cnt                                  0x20000148   Data           4  uart_mpu9250.o(.data)
    Euler_Yaw_Flag                           0x2000014c   Data           4  uart_mpu9250.o(.data)
    Euler_Pitch_Flag                         0x20000150   Data           4  uart_mpu9250.o(.data)
    MPU9250FrameCounter                      0x20000154   Data           4  uart_mpu9250.o(.data)
    Euler_Pitch                              0x20000158   Data           4  uart_mpu9250.o(.data)
    Euler_Yaw                                0x2000015c   Data           4  uart_mpu9250.o(.data)
    Euler_Yaw_Last                           0x20000160   Data           4  uart_mpu9250.o(.data)
    Euler_Pitch_Last                         0x20000164   Data           4  uart_mpu9250.o(.data)
    speed_Euler_Pitch                        0x20000168   Data           4  uart_mpu9250.o(.data)
    speed_Euler_Yaw                          0x2000016c   Data           4  uart_mpu9250.o(.data)
    speed_Euler_Yaw_last                     0x20000170   Data           4  uart_mpu9250.o(.data)
    speed_Euler_Pitch_last                   0x20000174   Data           4  uart_mpu9250.o(.data)
    data_length                              0x20000178   Data           1  uart_mpu9250.o(.data)
    CRCReceived                              0x2000017a   Data           2  uart_mpu9250.o(.data)
    CRCCalculated                            0x2000017c   Data           2  uart_mpu9250.o(.data)
    crc_header                               0x2000017e   Data           4  uart_mpu9250.o(.data)
    UART4temp                                0x20000182   Data           1  uart_judge.o(.data)
    A_data                                   0x200001b4   Data          64  kalman_filter.o(.data)
    H_data                                   0x200001f4   Data          64  kalman_filter.o(.data)
    Q_data                                   0x20000234   Data          64  kalman_filter.o(.data)
    R_data                                   0x20000274   Data          64  kalman_filter.o(.data)
    testmat                                  0x200002b4   Data          24  kalman_filter.o(.data)
    Heat_CloudOutMax                         0x200002d8   Data           4  cloud_control.o(.data)
    Offset_flag_f                            0x200002dc   Data           1  cloud_control.o(.data)
    Offset_flag_b                            0x200002dd   Data           1  cloud_control.o(.data)
    Yaw_Offset                               0x200002e0   Data           4  cloud_control.o(.data)
    Chassis_Offset                           0x200002e4   Data           4  cloud_control.o(.data)
    m                                        0x200002e8   Data           4  cloud_control.o(.data)
    n                                        0x200002ec   Data           4  cloud_control.o(.data)
    Actual_Distance                          0x200002f0   Data           4  cloud_control.o(.data)
    PC_Distance                              0x200002f4   Data           4  cloud_control.o(.data)
    Pitch_Offset                             0x200002f8   Data           4  cloud_control.o(.data)
    Poked_Count                              0x20000308   Data           2  poked_control.o(.data)
    pxCurrentTCB                             0x20000358   Data           4  tasks.o(.data)
    Watchscope                               0x200003c4   Data          16  gimbal_task.o(.bss)
    Pitch_In_PID                             0x200003d4   Data          36  struct.o(.bss)
    Pitch_Out_PID                            0x200003f8   Data          36  struct.o(.bss)
    Pitch_Heat_In_PID                        0x2000041c   Data          36  struct.o(.bss)
    Pitch_Heat_Out_PID                       0x20000440   Data          36  struct.o(.bss)
    Yaw_In_PID                               0x20000464   Data          36  struct.o(.bss)
    Yaw_Out_PID                              0x20000488   Data          36  struct.o(.bss)
    Yaw_Heat_In_PID                          0x200004ac   Data          36  struct.o(.bss)
    Yaw_Heat_Out_PID                         0x200004d0   Data          36  struct.o(.bss)
    Chassis_Follow_PID                       0x200004f4   Data          36  struct.o(.bss)
    Poked_InPID                              0x20000518   Data          36  struct.o(.bss)
    Poked_OutPID                             0x2000053c   Data          36  struct.o(.bss)
    Chassis                                  0x20000560   Data          84  struct.o(.bss)
    Yaw                                      0x200005b4   Data         280  struct.o(.bss)
    Pitch                                    0x200006cc   Data         280  struct.o(.bss)
    Poked                                    0x200007e4   Data          36  struct.o(.bss)
    MiniPC                                   0x20000808   Data         660  struct.o(.bss)
    SentryInfo                               0x20000a9c   Data          76  struct.o(.bss)
    Comm                                     0x20000ae8   Data          10  struct.o(.bss)
    FrameRate                                0x20000af4   Data          20  struct.o(.bss)
    Judge_DATA                               0x20000b08   Data          40  struct.o(.bss)
    DBUS_ReceiveData                         0x20000b30   Data          26  struct.o(.bss)
    LASTDBUS_ReceiveData                     0x20000b4a   Data          26  struct.o(.bss)
    rx_message1                              0x20000b64   Data          20  can_1.o(.bss)
    rx_message2                              0x20000bc0   Data          20  can_2.o(.bss)
    DBUS_rx_buffer                           0x20000c1c   Data          25  uart_dbus.o(.bss)
    USART_RX_TEST                            0x20000c35   Data          20  uart_minipc.o(.bss)
    Pitch_Speed                              0x20000c4c   Data         120  uart_mpu9250.o(.bss)
    IMU_CRC                                  0x20000cc4   Data          35  uart_mpu9250.o(.bss)
    USART_RX_BUF3                            0x20000ce7   Data          52  uart_mpu9250.o(.bss)
    judge_dma_rxbuff                         0x20000d1b   Data        2048  uart_judge.o(.bss)
    AT_data                                  0x2000151c   Data          64  kalman_filter.o(.bss)
    HT_data                                  0x2000155c   Data          64  kalman_filter.o(.bss)
    Kalman_init                              0x2000159c   Data         596  kalman_filter.o(.bss)
    motionfliter                             0x200017f0   Data         116  kalman_filter.o(.bss)
    xQueueRegistry                           0x2000197c   Data          64  queue.o(.bss)
    __libspace_start                         0x20007dbc   Data          96  libspace.o(.bss)
    __temporary_stack_top$libspace           0x20007e1c   Data           0  libspace.o(.bss)



==============================================================================

Memory Map of the image

  Image Entry point : 0x08000189

  Load Region LR_IROM1 (Base: 0x08000000, Size: 0x00007bb8, Max: 0x00100000, ABSOLUTE, COMPRESSED[0x00007888])

    Execution Region ER_IROM1 (Exec base: 0x08000000, Load base: 0x08000000, Size: 0x000077f4, Max: 0x00100000, ABSOLUTE)

    Exec Addr    Load Addr    Size         Type   Attr      Idx    E Section Name        Object

    0x08000000   0x08000000   0x00000188   Data   RO         1859    RESET               startup_stm32f40_41xxx.o
    0x08000188   0x08000188   0x00000008   Code   RO         5786  * !!!main             c_w.l(__main.o)
    0x08000190   0x08000190   0x00000034   Code   RO         6032    !!!scatter          c_w.l(__scatter.o)
    0x080001c4   0x080001c4   0x0000005a   Code   RO         6030    !!dczerorl2         c_w.l(__dczerorl2.o)
    0x0800021e   0x0800021e   0x00000002   PAD
    0x08000220   0x08000220   0x0000001c   Code   RO         6034    !!handler_zi        c_w.l(__scatter_zi.o)
    0x0800023c   0x0800023c   0x00000002   Code   RO         5969    .ARM.Collect$$libinit$$00000000  c_w.l(libinit.o)
    0x0800023e   0x0800023e   0x00000004   Code   RO         5850    .ARM.Collect$$libinit$$00000001  c_w.l(libinit2.o)
    0x08000242   0x08000242   0x00000000   Code   RO         5853    .ARM.Collect$$libinit$$00000004  c_w.l(libinit2.o)
    0x08000242   0x08000242   0x00000000   Code   RO         5856    .ARM.Collect$$libinit$$0000000A  c_w.l(libinit2.o)
    0x08000242   0x08000242   0x00000000   Code   RO         5858    .ARM.Collect$$libinit$$0000000C  c_w.l(libinit2.o)
    0x08000242   0x08000242   0x00000000   Code   RO         5860    .ARM.Collect$$libinit$$0000000E  c_w.l(libinit2.o)
    0x08000242   0x08000242   0x00000000   Code   RO         5863    .ARM.Collect$$libinit$$00000011  c_w.l(libinit2.o)
    0x08000242   0x08000242   0x00000000   Code   RO         5865    .ARM.Collect$$libinit$$00000013  c_w.l(libinit2.o)
    0x08000242   0x08000242   0x00000000   Code   RO         5867    .ARM.Collect$$libinit$$00000015  c_w.l(libinit2.o)
    0x08000242   0x08000242   0x00000000   Code   RO         5869    .ARM.Collect$$libinit$$00000017  c_w.l(libinit2.o)
    0x08000242   0x08000242   0x00000000   Code   RO         5871    .ARM.Collect$$libinit$$00000019  c_w.l(libinit2.o)
    0x08000242   0x08000242   0x00000000   Code   RO         5873    .ARM.Collect$$libinit$$0000001B  c_w.l(libinit2.o)
    0x08000242   0x08000242   0x00000000   Code   RO         5875    .ARM.Collect$$libinit$$0000001D  c_w.l(libinit2.o)
    0x08000242   0x08000242   0x00000000   Code   RO         5877    .ARM.Collect$$libinit$$0000001F  c_w.l(libinit2.o)
    0x08000242   0x08000242   0x00000000   Code   RO         5879    .ARM.Collect$$libinit$$00000021  c_w.l(libinit2.o)
    0x08000242   0x08000242   0x00000000   Code   RO         5881    .ARM.Collect$$libinit$$00000023  c_w.l(libinit2.o)
    0x08000242   0x08000242   0x00000000   Code   RO         5883    .ARM.Collect$$libinit$$00000025  c_w.l(libinit2.o)
    0x08000242   0x08000242   0x00000000   Code   RO         5887    .ARM.Collect$$libinit$$0000002C  c_w.l(libinit2.o)
    0x08000242   0x08000242   0x00000000   Code   RO         5889    .ARM.Collect$$libinit$$0000002E  c_w.l(libinit2.o)
    0x08000242   0x08000242   0x00000000   Code   RO         5891    .ARM.Collect$$libinit$$00000030  c_w.l(libinit2.o)
    0x08000242   0x08000242   0x00000000   Code   RO         5893    .ARM.Collect$$libinit$$00000032  c_w.l(libinit2.o)
    0x08000242   0x08000242   0x00000002   Code   RO         5894    .ARM.Collect$$libinit$$00000033  c_w.l(libinit2.o)
    0x08000244   0x08000244   0x00000002   Code   RO         6027    .ARM.Collect$$libshutdown$$00000000  c_w.l(libshutdown.o)
    0x08000246   0x08000246   0x00000000   Code   RO         5983    .ARM.Collect$$libshutdown$$00000002  c_w.l(libshutdown2.o)
    0x08000246   0x08000246   0x00000000   Code   RO         5985    .ARM.Collect$$libshutdown$$00000004  c_w.l(libshutdown2.o)
    0x08000246   0x08000246   0x00000000   Code   RO         5988    .ARM.Collect$$libshutdown$$00000007  c_w.l(libshutdown2.o)
    0x08000246   0x08000246   0x00000000   Code   RO         5991    .ARM.Collect$$libshutdown$$0000000A  c_w.l(libshutdown2.o)
    0x08000246   0x08000246   0x00000000   Code   RO         5993    .ARM.Collect$$libshutdown$$0000000C  c_w.l(libshutdown2.o)
    0x08000246   0x08000246   0x00000000   Code   RO         5996    .ARM.Collect$$libshutdown$$0000000F  c_w.l(libshutdown2.o)
    0x08000246   0x08000246   0x00000002   Code   RO         5997    .ARM.Collect$$libshutdown$$00000010  c_w.l(libshutdown2.o)
    0x08000248   0x08000248   0x00000000   Code   RO         5820    .ARM.Collect$$rtentry$$00000000  c_w.l(__rtentry.o)
    0x08000248   0x08000248   0x00000000   Code   RO         5912    .ARM.Collect$$rtentry$$00000002  c_w.l(__rtentry2.o)
    0x08000248   0x08000248   0x00000006   Code   RO         5924    .ARM.Collect$$rtentry$$00000004  c_w.l(__rtentry4.o)
    0x0800024e   0x0800024e   0x00000000   Code   RO         5914    .ARM.Collect$$rtentry$$00000009  c_w.l(__rtentry2.o)
    0x0800024e   0x0800024e   0x00000004   Code   RO         5915    .ARM.Collect$$rtentry$$0000000A  c_w.l(__rtentry2.o)
    0x08000252   0x08000252   0x00000000   Code   RO         5917    .ARM.Collect$$rtentry$$0000000C  c_w.l(__rtentry2.o)
    0x08000252   0x08000252   0x00000008   Code   RO         5918    .ARM.Collect$$rtentry$$0000000D  c_w.l(__rtentry2.o)
    0x0800025a   0x0800025a   0x00000002   Code   RO         5972    .ARM.Collect$$rtexit$$00000000  c_w.l(rtexit.o)
    0x0800025c   0x0800025c   0x00000000   Code   RO         6001    .ARM.Collect$$rtexit$$00000002  c_w.l(rtexit2.o)
    0x0800025c   0x0800025c   0x00000004   Code   RO         6002    .ARM.Collect$$rtexit$$00000003  c_w.l(rtexit2.o)
    0x08000260   0x08000260   0x00000006   Code   RO         6003    .ARM.Collect$$rtexit$$00000004  c_w.l(rtexit2.o)
    0x08000266   0x08000266   0x00000002   PAD
    0x08000268   0x08000268   0x000000b6   Code   RO         4819    .emb_text           port.o
    0x0800031e   0x0800031e   0x00000002   PAD
    0x08000320   0x08000320   0x00000040   Code   RO         1860    .text               startup_stm32f40_41xxx.o
    0x08000360   0x08000360   0x0000008a   Code   RO         5776    .text               c_w.l(rt_memcpy_v6.o)
    0x080003ea   0x080003ea   0x00000064   Code   RO         5778    .text               c_w.l(rt_memcpy_w.o)
    0x0800044e   0x0800044e   0x00000010   Code   RO         5780    .text               c_w.l(aeabi_memset.o)
    0x0800045e   0x0800045e   0x0000004e   Code   RO         5782    .text               c_w.l(rt_memclr_w.o)
    0x080004ac   0x080004ac   0x00000006   Code   RO         5784    .text               c_w.l(heapauxi.o)
    0x080004b2   0x080004b2   0x00000044   Code   RO         5846    .text               c_w.l(rt_memclr.o)
    0x080004f6   0x080004f6   0x00000002   PAD
    0x080004f8   0x080004f8   0x00000008   Code   RO         5908    .text               c_w.l(libspace.o)
    0x08000500   0x08000500   0x00000002   Code   RO         5945    .text               c_w.l(use_no_semi.o)
    0x08000502   0x08000502   0x00000000   Code   RO         5947    .text               c_w.l(indicate_semi.o)
    0x08000502   0x08000502   0x0000004a   Code   RO         5948    .text               c_w.l(sys_stackheap_outer.o)
    0x0800054c   0x0800054c   0x00000012   Code   RO         5954    .text               c_w.l(exit.o)
    0x0800055e   0x0800055e   0x00000002   PAD
    0x08000560   0x08000560   0x0000000c   Code   RO         5970    .text               c_w.l(sys_exit.o)
    0x0800056c   0x0800056c   0x00000038   Code   RO          656    i.Beep_Configuration  gimbal_monitor.o
    0x080005a4   0x080005a4   0x00000004   Code   RO         1492    i.BusFault_Handler  stm32f4xx_it.o
    0x080005a8   0x080005a8   0x00000270   Code   RO          952    i.CAN1_RX0_IRQHandler  can_1.o
    0x08000818   0x08000818   0x0000001c   Code   RO          953    i.CAN1_TX_IRQHandler  can_1.o
    0x08000834   0x08000834   0x0000037c   Code   RO         1014    i.CAN2_RX0_IRQHandler  can_2.o
    0x08000bb0   0x08000bb0   0x000000a8   Code   RO         3195    i.CAN_ClearITPendingBit  stm32f4xx_can.o
    0x08000c58   0x08000c58   0x00000038   Code   RO         3197    i.CAN_DeInit        stm32f4xx_can.o
    0x08000c90   0x08000c90   0x00000108   Code   RO         3199    i.CAN_FilterInit    stm32f4xx_can.o
    0x08000d98   0x08000d98   0x00000110   Code   RO          954    i.CAN_First_InitConfig  can_1.o
    0x08000ea8   0x08000ea8   0x00000120   Code   RO         3201    i.CAN_GetITStatus   stm32f4xx_can.o
    0x08000fc8   0x08000fc8   0x00000012   Code   RO         3205    i.CAN_ITConfig      stm32f4xx_can.o
    0x08000fda   0x08000fda   0x00000114   Code   RO         3206    i.CAN_Init          stm32f4xx_can.o
    0x080010ee   0x080010ee   0x000000f0   Code   RO         3209    i.CAN_Receive       stm32f4xx_can.o
    0x080011de   0x080011de   0x00000002   PAD
    0x080011e0   0x080011e0   0x000000f8   Code   RO         1015    i.CAN_Second_InitConfig  can_2.o
    0x080012d8   0x080012d8   0x00000020   Code   RO         3212    i.CAN_StructInit    stm32f4xx_can.o
    0x080012f8   0x080012f8   0x00000126   Code   RO         3214    i.CAN_Transmit      stm32f4xx_can.o
    0x0800141e   0x0800141e   0x00000012   Code   RO         3217    i.CheckITStatus     stm32f4xx_can.o
    0x08001430   0x08001430   0x00000058   Code   RO          956    i.CloudMotorDriveCan1  can_1.o
    0x08001488   0x08001488   0x00000058   Code   RO         1018    i.CloudMotorDriveCan2  can_2.o
    0x080014e0   0x080014e0   0x00000064   Code   RO         1604    i.Cloud_Angle_Set   cloud_control.o
    0x08001544   0x08001544   0x00000200   Code   RO         1605    i.Cloud_Control_Pitch  cloud_control.o
    0x08001744   0x08001744   0x00000254   Code   RO         1606    i.Cloud_Control_Yaw  cloud_control.o
    0x08001998   0x08001998   0x00000184   Code   RO         1607    i.Cloud_PID_Param   cloud_control.o
    0x08001b1c   0x08001b1c   0x000001b0   Code   RO         1582    i.Control_Status_Update  status_update.o
    0x08001ccc   0x08001ccc   0x00000064   Code   RO         1349    i.DMA1_Stream2_IRQHandler  uart_judge.o
    0x08001d30   0x08001d30   0x00000048   Code   RO         1237    i.DMA1_Stream5_IRQHandler  uart_minipc.o
    0x08001d78   0x08001d78   0x00000034   Code   RO         3918    i.DMA_ClearFlag     stm32f4xx_dma.o
    0x08001dac   0x08001dac   0x00000034   Code   RO         3919    i.DMA_ClearITPendingBit  stm32f4xx_dma.o
    0x08001de0   0x08001de0   0x00000016   Code   RO         3920    i.DMA_Cmd           stm32f4xx_dma.o
    0x08001df6   0x08001df6   0x00000002   PAD
    0x08001df8   0x08001df8   0x00000158   Code   RO         3921    i.DMA_DeInit        stm32f4xx_dma.o
    0x08001f50   0x08001f50   0x00000014   Code   RO         3925    i.DMA_GetCmdStatus  stm32f4xx_dma.o
    0x08001f64   0x08001f64   0x00000014   Code   RO         3927    i.DMA_GetCurrentMemoryTarget  stm32f4xx_dma.o
    0x08001f78   0x08001f78   0x00000044   Code   RO         3929    i.DMA_GetFlagStatus  stm32f4xx_dma.o
    0x08001fbc   0x08001fbc   0x00000064   Code   RO         3930    i.DMA_GetITStatus   stm32f4xx_dma.o
    0x08002020   0x08002020   0x0000003a   Code   RO         3931    i.DMA_ITConfig      stm32f4xx_dma.o
    0x0800205a   0x0800205a   0x00000002   PAD
    0x0800205c   0x0800205c   0x00000058   Code   RO         3932    i.DMA_Init          stm32f4xx_dma.o
    0x080020b4   0x080020b4   0x0000000a   Code   RO         3933    i.DMA_MemoryTargetConfig  stm32f4xx_dma.o
    0x080020be   0x080020be   0x00000004   Code   RO         3935    i.DMA_SetCurrDataCounter  stm32f4xx_dma.o
    0x080020c2   0x080020c2   0x00000002   Code   RO         1493    i.DebugMon_Handler  stm32f4xx_it.o
    0x080020c4   0x080020c4   0x0000000c   Code   RO          854    i.ECS_Init          pwm.o
    0x080020d0   0x080020d0   0x00000024   Code   RO         1667    i.FricStatus_Control  poked_control.o
    0x080020f4   0x080020f4   0x00000114   Code   RO          540    i.GIMABL__RC        gimbal_task.o
    0x08002208   0x08002208   0x000001ac   Code   RO          541    i.GIMBAL__FLOOW     gimbal_task.o
    0x080023b4   0x080023b4   0x000000fc   Code   RO          542    i.GIMBAL__HEAT      gimbal_task.o
    0x080024b0   0x080024b0   0x00000090   Code   RO          543    i.GIMBAL__RELAX     gimbal_task.o
    0x08002540   0x08002540   0x00000090   Code   RO         2276    i.GPIO_Init         stm32f4xx_gpio.o
    0x080025d0   0x080025d0   0x00000046   Code   RO         2277    i.GPIO_PinAFConfig  stm32f4xx_gpio.o
    0x08002616   0x08002616   0x00000004   Code   RO         2283    i.GPIO_ResetBits    stm32f4xx_gpio.o
    0x0800261a   0x0800261a   0x00000004   Code   RO         2284    i.GPIO_SetBits      stm32f4xx_gpio.o
    0x0800261e   0x0800261e   0x00000002   Code   RO         1608    i.GimbalHeat_AngleSet  cloud_control.o
    0x08002620   0x08002620   0x00000058   Code   RO          957    i.Gimbal_Board_Communicate  can_1.o
    0x08002678   0x08002678   0x00000148   Code   RO          657    i.Gimbal_Monitor    gimbal_monitor.o
    0x080027c0   0x080027c0   0x00000224   Code   RO          544    i.Gimbal_Task       gimbal_task.o
    0x080029e4   0x080029e4   0x00000004   Code   RO         1494    i.HardFault_Handler  stm32f4xx_it.o
    0x080029e8   0x080029e8   0x00000054   Code   RO         1763    i.KalMan_PramInit   kalman.o
    0x08002a3c   0x08002a3c   0x00000068   Code   RO         1435    i.Kalman_Parameter_Init  kalman_filter.o
    0x08002aa4   0x08002aa4   0x00000038   Code   RO          926    i.Laser_Init        gpio.o
    0x08002adc   0x08002adc   0x00000004   Code   RO         1495    i.MemManage_Handler  stm32f4xx_it.o
    0x08002ae0   0x08002ae0   0x00000002   Code   RO         1496    i.NMI_Handler       stm32f4xx_it.o
    0x08002ae2   0x08002ae2   0x00000002   PAD
    0x08002ae4   0x08002ae4   0x00000078   Code   RO         2231    i.NVIC_Init         misc.o
    0x08002b5c   0x08002b5c   0x00000014   Code   RO         2232    i.NVIC_PriorityGroupConfig  misc.o
    0x08002b70   0x08002b70   0x00000094   Code   RO         1238    i.PC_Communicate    uart_minipc.o
    0x08002c04   0x08002c04   0x000000d0   Code   RO          855    i.PWM_Configuration  pwm.o
    0x08002cd4   0x08002cd4   0x00000280   Code   RO         1609    i.Pitch_Heat_Control  cloud_control.o
    0x08002f54   0x08002f54   0x0000029c   Code   RO         1668    i.Poke_Calculation  poked_control.o
    0x080031f0   0x080031f0   0x000000f8   Code   RO         1669    i.Poked_Control     poked_control.o
    0x080032e8   0x080032e8   0x00000020   Code   RO         2373    i.RCC_AHB1PeriphClockCmd  stm32f4xx_rcc.o
    0x08003308   0x08003308   0x00000020   Code   RO         2382    i.RCC_APB1PeriphClockCmd  stm32f4xx_rcc.o
    0x08003328   0x08003328   0x00000020   Code   RO         2384    i.RCC_APB1PeriphResetCmd  stm32f4xx_rcc.o
    0x08003348   0x08003348   0x000000e8   Code   RO         2394    i.RCC_GetClocksFreq  stm32f4xx_rcc.o
    0x08003430   0x08003430   0x000000ec   Code   RO         1545    i.SetSysClock       system_stm32f4xx.o
    0x0800351c   0x0800351c   0x00000028   Code   RO         2235    i.SysTick_CLKSourceConfig  misc.o
    0x08003544   0x08003544   0x00000010   Code   RO          880    i.SysTick_Handler   delay.o
    0x08003554   0x08003554   0x00000068   Code   RO         1547    i.SystemInit        system_stm32f4xx.o
    0x080035bc   0x080035bc   0x00000018   Code   RO         3360    i.TIM_ARRPreloadConfig  stm32f4xx_tim.o
    0x080035d4   0x080035d4   0x00000018   Code   RO         3372    i.TIM_Cmd           stm32f4xx_tim.o
    0x080035ec   0x080035ec   0x0000001e   Code   RO         3374    i.TIM_CtrlPWMOutputs  stm32f4xx_tim.o
    0x0800360a   0x0800360a   0x00000002   PAD
    0x0800360c   0x0800360c   0x0000007c   Code   RO         3401    i.TIM_OC1Init       stm32f4xx_tim.o
    0x08003688   0x08003688   0x00000012   Code   RO         3404    i.TIM_OC1PreloadConfig  stm32f4xx_tim.o
    0x0800369a   0x0800369a   0x00000002   PAD
    0x0800369c   0x0800369c   0x000000a4   Code   RO         3406    i.TIM_OC2Init       stm32f4xx_tim.o
    0x08003740   0x08003740   0x0000001a   Code   RO         3409    i.TIM_OC2PreloadConfig  stm32f4xx_tim.o
    0x0800375a   0x0800375a   0x00000002   PAD
    0x0800375c   0x0800375c   0x00000084   Code   RO         3444    i.TIM_TimeBaseInit  stm32f4xx_tim.o
    0x080037e0   0x080037e0   0x0000003c   Code   RO          303    i.Task_CANSend      task_cansend.o
    0x0800381c   0x0800381c   0x00000118   Code   RO            3    i.Task_SysInitConfig  start_task.o
    0x08003934   0x08003934   0x0000002c   Code   RO         1352    i.UART4_IRQHandler  uart_judge.o
    0x08003960   0x08003960   0x00000110   Code   RO         1203    i.UART5_DBUS_InitConfig  uart_dbus.o
    0x08003a70   0x08003a70   0x0000019c   Code   RO         1204    i.UART5_IRQHandler  uart_dbus.o
    0x08003c0c   0x08003c0c   0x00000560   Code   RO         1239    i.USART2_IRQHandler  uart_minipc.o
    0x0800416c   0x0800416c   0x00000020   Code   RO         1240    i.USART2_Senddata   uart_minipc.o
    0x0800418c   0x0800418c   0x00000304   Code   RO         1306    i.USART3_IRQHandler  uart_mpu9250.o
    0x08004490   0x08004490   0x00000018   Code   RO         2767    i.USART_Cmd         stm32f4xx_usart.o
    0x080044a8   0x080044a8   0x00000012   Code   RO         2768    i.USART_DMACmd      stm32f4xx_usart.o
    0x080044ba   0x080044ba   0x0000001a   Code   RO         2770    i.USART_GetFlagStatus  stm32f4xx_usart.o
    0x080044d4   0x080044d4   0x0000004a   Code   RO         2773    i.USART_ITConfig    stm32f4xx_usart.o
    0x0800451e   0x0800451e   0x00000002   PAD
    0x08004520   0x08004520   0x000000d4   Code   RO         2774    i.USART_Init        stm32f4xx_usart.o
    0x080045f4   0x080045f4   0x00000118   Code   RO         1241    i.USART_MiniPC_InitConfig  uart_minipc.o
    0x0800470c   0x0800470c   0x00000008   Code   RO         2784    i.USART_SendData    stm32f4xx_usart.o
    0x08004714   0x08004714   0x00000138   Code   RO         1307    i.USART_mpu9250_InitConfig  uart_mpu9250.o
    0x0800484c   0x0800484c   0x00000004   Code   RO         1497    i.UsageFault_Handler  stm32f4xx_it.o
    0x08004850   0x08004850   0x000001b8   Code   RO         1610    i.Yaw_Heat_Control  cloud_control.o
    0x08004a08   0x08004a08   0x00000014   Code   RO         5812    i.__hardfp_fabs     m_wm.l(fabs.o)
    0x08004a1c   0x08004a1c   0x000000c0   Code   RO         5206    i.arm_mat_add_f32   arm_mat_add_f32.o
    0x08004adc   0x08004adc   0x00000008   Code   RO         5334    i.arm_mat_init_f32  arm_mat_init_f32.o
    0x08004ae4   0x08004ae4   0x00000310   Code   RO         5394    i.arm_mat_inverse_f32  arm_mat_inverse_f32.o
    0x08004df4   0x08004df4   0x00000144   Code   RO         5434    i.arm_mat_mult_f32  arm_mat_mult_f32.o
    0x08004f38   0x08004f38   0x000000c0   Code   RO         5594    i.arm_mat_sub_f32   arm_mat_sub_f32.o
    0x08004ff8   0x08004ff8   0x00000098   Code   RO         5654    i.arm_mat_trans_f32  arm_mat_trans_f32.o
    0x08005090   0x08005090   0x0000003c   Code   RO         1308    i.crc16_update      uart_mpu9250.o
    0x080050cc   0x080050cc   0x00000044   Code   RO          881    i.delay_init        delay.o
    0x08005110   0x08005110   0x00000010   Code   RO         1866    i.inHandlerMode     cmsis_os.o
    0x08005120   0x08005120   0x000001dc   Code   RO         1438    i.kalman_filter_calc  kalman_filter.o
    0x080052fc   0x080052fc   0x000000e0   Code   RO         1439    i.kalman_filter_init  kalman_filter.o
    0x080053dc   0x080053dc   0x00000044   Code   RO          780    i.main              main.o
    0x08005420   0x08005420   0x00000060   Code   RO         1903    i.osSignalSet       cmsis_os.o
    0x08005480   0x08005480   0x00000054   Code   RO         4172    i.prvAddCurrentTaskToDelayedList  tasks.o
    0x080054d4   0x080054d4   0x00000042   Code   RO         4173    i.prvAllocateTCBAndStack  tasks.o
    0x08005516   0x08005516   0x00000002   PAD
    0x08005518   0x08005518   0x00000080   Code   RO         4499    i.prvCheckForValidListAndQueue  timers.o
    0x08005598   0x08005598   0x00000064   Code   RO         4174    i.prvCheckTasksWaitingTermination  tasks.o
    0x080055fc   0x080055fc   0x0000002a   Code   RO         4603    i.prvCopyDataFromQueue  queue.o
    0x08005626   0x08005626   0x00000080   Code   RO         4604    i.prvCopyDataToQueue  queue.o
    0x080056a6   0x080056a6   0x00000012   Code   RO         4175    i.prvDeleteTCB      tasks.o
    0x080056b8   0x080056b8   0x00000028   Code   RO         4500    i.prvGetNextExpireTime  timers.o
    0x080056e0   0x080056e0   0x00000038   Code   RO         4781    i.prvHeapInit       heap_2.o
    0x08005718   0x08005718   0x00000028   Code   RO         4176    i.prvIdleTask       tasks.o
    0x08005740   0x08005740   0x00000062   Code   RO         4177    i.prvInitialiseTCBVariables  tasks.o
    0x080057a2   0x080057a2   0x00000002   PAD
    0x080057a4   0x080057a4   0x00000068   Code   RO         4178    i.prvInitialiseTaskLists  tasks.o
    0x0800580c   0x0800580c   0x00000058   Code   RO         4501    i.prvInsertTimerInActiveList  timers.o
    0x08005864   0x08005864   0x0000001a   Code   RO         4605    i.prvIsQueueEmpty   queue.o
    0x0800587e   0x0800587e   0x0000001e   Code   RO         4606    i.prvIsQueueFull    queue.o
    0x0800589c   0x0800589c   0x00000064   Code   RO         4502    i.prvProcessExpiredTimer  timers.o
    0x08005900   0x08005900   0x000000f8   Code   RO         4503    i.prvProcessReceivedCommands  timers.o
    0x080059f8   0x080059f8   0x00000074   Code   RO         4504    i.prvProcessTimerOrBlockTask  timers.o
    0x08005a6c   0x08005a6c   0x00000034   Code   RO         4180    i.prvResetNextTaskUnblockTime  tasks.o
    0x08005aa0   0x08005aa0   0x0000002c   Code   RO         4505    i.prvSampleTimeNow  timers.o
    0x08005acc   0x08005acc   0x000000a0   Code   RO         4506    i.prvSwitchTimerLists  timers.o
    0x08005b6c   0x08005b6c   0x00000040   Code   RO         4820    i.prvTaskExitError  port.o
    0x08005bac   0x08005bac   0x0000001a   Code   RO         4507    i.prvTimerTask      timers.o
    0x08005bc6   0x08005bc6   0x0000007e   Code   RO         4607    i.prvUnlockQueue    queue.o
    0x08005c44   0x08005c44   0x000000b8   Code   RO         4782    i.pvPortMalloc      heap_2.o
    0x08005cfc   0x08005cfc   0x00000020   Code   RO         4183    i.pvTaskIncrementMutexHeldCount  tasks.o
    0x08005d1c   0x08005d1c   0x00000028   Code   RO         4821    i.pxPortInitialiseStack  port.o
    0x08005d44   0x08005d44   0x00000028   Code   RO         4136    i.uxListRemove      list.o
    0x08005d6c   0x08005d6c   0x0000001a   Code   RO         4137    i.vListInitialise   list.o
    0x08005d86   0x08005d86   0x00000006   Code   RO         4138    i.vListInitialiseItem  list.o
    0x08005d8c   0x08005d8c   0x00000034   Code   RO         4139    i.vListInsert       list.o
    0x08005dc0   0x08005dc0   0x00000018   Code   RO         4140    i.vListInsertEnd    list.o
    0x08005dd8   0x08005dd8   0x00000054   Code   RO         4823    i.vPortEnterCritical  port.o
    0x08005e2c   0x08005e2c   0x0000003c   Code   RO         4824    i.vPortExitCritical  port.o
    0x08005e68   0x08005e68   0x00000040   Code   RO         4783    i.vPortFree         heap_2.o
    0x08005ea8   0x08005ea8   0x00000014   Code   RO         4825    i.vPortSetupTimerInterrupt  port.o
    0x08005ebc   0x08005ebc   0x00000078   Code   RO         4826    i.vPortValidateInterruptPriority  port.o
    0x08005f34   0x08005f34   0x0000002c   Code   RO         4613    i.vQueueAddToRegistry  queue.o
    0x08005f60   0x08005f60   0x00000042   Code   RO         4617    i.vQueueWaitForMessageRestricted  queue.o
    0x08005fa2   0x08005fa2   0x00000002   PAD
    0x08005fa4   0x08005fa4   0x0000008c   Code   RO         4192    i.vTaskDelay        tasks.o
    0x08006030   0x08006030   0x000000fc   Code   RO         4193    i.vTaskDelayUntil   tasks.o
    0x0800612c   0x0800612c   0x000000e0   Code   RO         4194    i.vTaskDelete       tasks.o
    0x0800620c   0x0800620c   0x0000000c   Code   RO         4196    i.vTaskMissedYield  tasks.o
    0x08006218   0x08006218   0x0000007c   Code   RO         4198    i.vTaskPlaceOnEventList  tasks.o
    0x08006294   0x08006294   0x00000084   Code   RO         4199    i.vTaskPlaceOnEventListRestricted  tasks.o
    0x08006318   0x08006318   0x000000b0   Code   RO         4201    i.vTaskPriorityInherit  tasks.o
    0x080063c8   0x080063c8   0x00000030   Code   RO         4205    i.vTaskSetTimeOutState  tasks.o
    0x080063f8   0x080063f8   0x00000088   Code   RO         4206    i.vTaskStartScheduler  tasks.o
    0x08006480   0x08006480   0x00000010   Code   RO         4208    i.vTaskSuspendAll   tasks.o
    0x08006490   0x08006490   0x0000008c   Code   RO         4209    i.vTaskSwitchContext  tasks.o
    0x0800651c   0x0800651c   0x0000013c   Code   RO         4827    i.xPortStartScheduler  port.o
    0x08006658   0x08006658   0x00000034   Code   RO         4828    i.xPortSysTickHandler  port.o
    0x0800668c   0x0800668c   0x00000086   Code   RO         4620    i.xQueueGenericCreate  queue.o
    0x08006712   0x08006712   0x00000002   PAD
    0x08006714   0x08006714   0x000001ac   Code   RO         4621    i.xQueueGenericReceive  queue.o
    0x080068c0   0x080068c0   0x00000094   Code   RO         4622    i.xQueueGenericReset  queue.o
    0x08006954   0x08006954   0x000001a0   Code   RO         4623    i.xQueueGenericSend  queue.o
    0x08006af4   0x08006af4   0x000000f0   Code   RO         4624    i.xQueueGenericSendFromISR  queue.o
    0x08006be4   0x08006be4   0x0000008c   Code   RO         4210    i.xTaskCheckForTimeOut  tasks.o
    0x08006c70   0x08006c70   0x00000170   Code   RO         4211    i.xTaskGenericCreate  tasks.o
    0x08006de0   0x08006de0   0x00000104   Code   RO         4212    i.xTaskGenericNotify  tasks.o
    0x08006ee4   0x08006ee4   0x00000138   Code   RO         4213    i.xTaskGenericNotifyFromISR  tasks.o
    0x0800701c   0x0800701c   0x00000020   Code   RO         4215    i.xTaskGetSchedulerState  tasks.o
    0x0800703c   0x0800703c   0x0000000c   Code   RO         4216    i.xTaskGetTickCount  tasks.o
    0x08007048   0x08007048   0x0000014c   Code   RO         4218    i.xTaskIncrementTick  tasks.o
    0x08007194   0x08007194   0x000000c8   Code   RO         4221    i.xTaskPriorityDisinherit  tasks.o
    0x0800725c   0x0800725c   0x00000098   Code   RO         4222    i.xTaskRemoveFromEventList  tasks.o
    0x080072f4   0x080072f4   0x00000104   Code   RO         4224    i.xTaskResumeAll    tasks.o
    0x080073f8   0x080073f8   0x00000058   Code   RO         4511    i.xTimerCreateTimerTask  timers.o
    0x08007450   0x08007450   0x00000084   Code   RO         4512    i.xTimerGenericCommand  timers.o
    0x080074d4   0x080074d4   0x00000062   Code   RO         5790    x$fpl$d2f           fz_wm.l(d2f.o)
    0x08007536   0x08007536   0x00000018   Code   RO         5895    x$fpl$dcmpinf       fz_wm.l(dcmpi.o)
    0x0800754e   0x0800754e   0x00000002   PAD
    0x08007550   0x08007550   0x00000078   Code   RO         5804    x$fpl$dleqf         fz_wm.l(dleqf.o)
    0x080075c8   0x080075c8   0x0000009c   Code   RO         5897    x$fpl$dnaninf       fz_wm.l(dnaninf.o)
    0x08007664   0x08007664   0x0000000c   Code   RO         5899    x$fpl$dretinf       fz_wm.l(dretinf.o)
    0x08007670   0x08007670   0x0000006c   Code   RO         5808    x$fpl$drleqf        fz_wm.l(drleqf.o)
    0x080076dc   0x080076dc   0x00000056   Code   RO         5810    x$fpl$f2d           fz_wm.l(f2d.o)
    0x08007732   0x08007732   0x0000008c   Code   RO         5901    x$fpl$fnaninf       fz_wm.l(fnaninf.o)
    0x080077be   0x080077be   0x0000000a   Code   RO         5943    x$fpl$fpinit        fz_wm.l(fpinit.o)
    0x080077c8   0x080077c8   0x0000000a   Code   RO         5903    x$fpl$fretinf       fz_wm.l(fretinf.o)
    0x080077d2   0x080077d2   0x00000000   Code   RO         5905    x$fpl$usenofp       fz_wm.l(usenofp.o)
    0x080077d2   0x080077d2   0x00000002   PAD
    0x080077d4   0x080077d4   0x00000020   Data   RO         6028    Region$$Table       anon$$obj.o


    Execution Region RW_IRAM1 (Exec base: 0x20000000, Load base: 0x080077f4, Size: 0x00008e20, Max: 0x00020000, ABSOLUTE, COMPRESSED[0x00000094])

    Exec Addr    Load Addr    Size         Type   Attr      Idx    E Section Name        Object

    0x20000000   COMPRESSED   0x00000004   Data   RW            4    .data               start_task.o
    0x20000004   COMPRESSED   0x00000012   Data   RW          546    .data               gimbal_task.o
    0x20000016   COMPRESSED   0x000000b6   Data   RW          658    .data               gimbal_monitor.o
    0x200000cc   COMPRESSED   0x0000000a   Data   RW          801    .data               struct.o
    0x200000d6   COMPRESSED   0x00000004   Data   RW          885    .data               delay.o
    0x200000da   COMPRESSED   0x00000002   PAD
    0x200000dc   COMPRESSED   0x00000020   Data   RW          959    .data               can_1.o
    0x200000fc   COMPRESSED   0x00000030   Data   RW         1020    .data               can_2.o
    0x2000012c   COMPRESSED   0x00000008   Data   RW         1206    .data               uart_dbus.o
    0x20000134   COMPRESSED   0x0000000d   Data   RW         1243    .data               uart_minipc.o
    0x20000141   COMPRESSED   0x00000003   PAD
    0x20000144   COMPRESSED   0x0000003e   Data   RW         1310    .data               uart_mpu9250.o
    0x20000182   COMPRESSED   0x00000031   Data   RW         1357    .data               uart_judge.o
    0x200001b3   COMPRESSED   0x00000001   PAD
    0x200001b4   COMPRESSED   0x00000120   Data   RW         1441    .data               kalman_filter.o
    0x200002d4   COMPRESSED   0x00000001   Data   RW         1583    .data               status_update.o
    0x200002d5   COMPRESSED   0x00000003   PAD
    0x200002d8   COMPRESSED   0x00000030   Data   RW         1611    .data               cloud_control.o
    0x20000308   COMPRESSED   0x00000002   Data   RW         1670    .data               poked_control.o
    0x2000030a   COMPRESSED   0x00000002   PAD
    0x2000030c   COMPRESSED   0x0000003c   Data   RW         1765    .data               kalman.o
    0x20000348   COMPRESSED   0x00000010   Data   RW         2426    .data               stm32f4xx_rcc.o
    0x20000358   COMPRESSED   0x00000038   Data   RW         4227    .data               tasks.o
    0x20000390   COMPRESSED   0x00000010   Data   RW         4515    .data               timers.o
    0x200003a0   COMPRESSED   0x00000018   Data   RW         4787    .data               heap_2.o
    0x200003b8   COMPRESSED   0x0000000c   Data   RW         4829    .data               port.o
    0x200003c4        -       0x00000010   Zero   RW          545    .bss                gimbal_task.o
    0x200003d4        -       0x00000790   Zero   RW          800    .bss                struct.o
    0x20000b64        -       0x0000005c   Zero   RW          958    .bss                can_1.o
    0x20000bc0        -       0x0000005c   Zero   RW         1019    .bss                can_2.o
    0x20000c1c        -       0x00000019   Zero   RW         1205    .bss                uart_dbus.o
    0x20000c35        -       0x00000014   Zero   RW         1242    .bss                uart_minipc.o
    0x20000c49   COMPRESSED   0x00000003   PAD
    0x20000c4c        -       0x000000cf   Zero   RW         1309    .bss                uart_mpu9250.o
    0x20000d1b        -       0x00000800   Zero   RW         1356    .bss                uart_judge.o
    0x2000151b   COMPRESSED   0x00000001   PAD
    0x2000151c        -       0x00000348   Zero   RW         1440    .bss                kalman_filter.o
    0x20001864        -       0x000000f0   Zero   RW         4226    .bss                tasks.o
    0x20001954        -       0x00000028   Zero   RW         4514    .bss                timers.o
    0x2000197c        -       0x00000040   Zero   RW         4632    .bss                queue.o
    0x200019bc        -       0x00006400   Zero   RW         4786    .bss                heap_2.o
    0x20007dbc        -       0x00000060   Zero   RW         5909    .bss                c_w.l(libspace.o)
    0x20007e1c   COMPRESSED   0x00000004   PAD
    0x20007e20        -       0x00000800   Zero   RW         1858    HEAP                startup_stm32f40_41xxx.o
    0x20008620        -       0x00000800   Zero   RW         1857    STACK               startup_stm32f40_41xxx.o


==============================================================================

Image component sizes


      Code (inc. data)   RO Data    RW Data    ZI Data      Debug   Object Name

       192          0          0          0          0       1418   arm_mat_add_f32.o
         8          0          0          0          0       1023   arm_mat_init_f32.o
       784          6          0          0          0       2654   arm_mat_inverse_f32.o
       324          4          0          0          0       1651   arm_mat_mult_f32.o
       192          0          0          0          0       1418   arm_mat_sub_f32.o
       152          0          0          0          0       1316   arm_mat_trans_f32.o
      1100         80          0         32         92       5317   can_1.o
      1228         66          0         48         92       4921   can_2.o
         0          0          0          0          0       2580   chassis_monitor.o
         0          0          0          0          0      27787   chassis_task.o
      2678        284          0         48          0       6106   cloud_control.o
       112          4          0          0          0      12518   cmsis_os.o
        84         10          0          4          0       1283   delay.o
         0          0          0          0          0       8148   event_groups.o
       384         44          0        182          0       2029   gimbal_monitor.o
      1648        316          0         18         16       4497   gimbal_task.o
        56          6          0          0          0        533   gpio.o
       304         40          0         24      25600       3471   heap_2.o
        84         18          0         60          0       1910   kalman.o
       804         36          0        288        840       5979   kalman_filter.o
       148          0          0          0          0       3202   list.o
        68         26          0          0          0        491   main.o
       180         24          0          0          0       2049   misc.o
       952         92          0          2          0       2206   poked_control.o
       938         90          0         12          0       8445   port.o
       220          4          0          0          0       1151   pwm.o
      1828         18          0          0         64      12493   queue.o
       280         72          0          4          0     253179   start_task.o
        64         26        392          0       4096        836   startup_stm32f40_41xxx.o
       432         26          0          1          0        804   status_update.o
      1654         22          0          0          0       7472   stm32f4xx_can.o
       838         86          0          0          0       8893   stm32f4xx_dma.o
       222          0          0          0          0       2847   stm32f4xx_gpio.o
        20          0          0          0          0       2805   stm32f4xx_it.o
       328         36          0         16          0       4583   stm32f4xx_rcc.o
       542         48          0          0          0       5603   stm32f4xx_tim.o
       362          8          0          0          0       4692   stm32f4xx_usart.o
         0          0          0         10       1936       1453   struct.o
       340         32          0          0          0       1525   system_stm32f4xx.o
        60         14          0          0          0     323491   task_cansend.o
         0          0          0          0          0       4684   task_communication.o
      4062        506          0         56        240      26181   tasks.o
      1170        108          0         16         40      14255   timers.o
       684         56          0          8         25       2162   uart_dbus.o
       144         38          0         49       2048       4013   uart_judge.o
      1908        142          0         13         20       6438   uart_minipc.o
      1144        124          0         62        207       4042   uart_mpu9250.o

    ----------------------------------------------------------------------
     28748       2512        424        964      35320     806554   Object Totals
         0          0         32          0          0          0   (incl. Generated)
        26          0          0         11          4          0   (incl. Padding)

    ----------------------------------------------------------------------

      Code (inc. data)   RO Data    RW Data    ZI Data      Debug   Library Member Name

        90          0          0          0          0          0   __dczerorl2.o
         8          0          0          0          0         68   __main.o
         0          0          0          0          0          0   __rtentry.o
        12          0          0          0          0          0   __rtentry2.o
         6          0          0          0          0          0   __rtentry4.o
        52          8          0          0          0          0   __scatter.o
        28          0          0          0          0          0   __scatter_zi.o
        16          0          0          0          0         68   aeabi_memset.o
        18          0          0          0          0         80   exit.o
         6          0          0          0          0        152   heapauxi.o
         0          0          0          0          0          0   indicate_semi.o
         2          0          0          0          0          0   libinit.o
         6          0          0          0          0          0   libinit2.o
         2          0          0          0          0          0   libshutdown.o
         2          0          0          0          0          0   libshutdown2.o
         8          4          0          0         96         68   libspace.o
        68          0          0          0          0         68   rt_memclr.o
        78          0          0          0          0         80   rt_memclr_w.o
       138          0          0          0          0         68   rt_memcpy_v6.o
       100          0          0          0          0         80   rt_memcpy_w.o
         2          0          0          0          0          0   rtexit.o
        10          0          0          0          0          0   rtexit2.o
        12          4          0          0          0         68   sys_exit.o
        74          0          0          0          0         80   sys_stackheap_outer.o
         2          0          0          0          0         68   use_no_semi.o
        98          4          0          0          0        140   d2f.o
        24          0          0          0          0        116   dcmpi.o
       120          4          0          0          0        140   dleqf.o
       156          4          0          0          0        140   dnaninf.o
        12          0          0          0          0        116   dretinf.o
       108          0          0          0          0        128   drleqf.o
        86          4          0          0          0        132   f2d.o
       140          4          0          0          0        132   fnaninf.o
        10          0          0          0          0        116   fpinit.o
        10          0          0          0          0        116   fretinf.o
         0          0          0          0          0          0   usenofp.o
        20          0          0          0          0        124   fabs.o

    ----------------------------------------------------------------------
      1536         36          0          0        100       2348   Library Totals
        12          0          0          0          4          0   (incl. Padding)

    ----------------------------------------------------------------------

      Code (inc. data)   RO Data    RW Data    ZI Data      Debug   Library Name

       740         16          0          0         96        948   c_w.l
       764         20          0          0          0       1276   fz_wm.l
        20          0          0          0          0        124   m_wm.l

    ----------------------------------------------------------------------
      1536         36          0          0        100       2348   Library Totals

    ----------------------------------------------------------------------

==============================================================================


      Code (inc. data)   RO Data    RW Data    ZI Data      Debug   

     30284       2548        424        964      35420     790486   Grand Totals
     30284       2548        424        148      35420     790486   ELF Image Totals (compressed)
     30284       2548        424        148          0          0   ROM Totals

==============================================================================

    Total RO  Size (Code + RO Data)                30708 (  29.99kB)
    Total RW  Size (RW Data + ZI Data)             36384 (  35.53kB)
    Total ROM Size (Code + RO Data + RW Data)      30856 (  30.13kB)

==============================================================================

